2025-08-07 16:21:02.091 [background-preinit] INFO  o.h.validator.internal.util.Version - HV000001: Hibernate Validator 6.2.5.Final
2025-08-07 16:21:02.092 [main] INFO  com.egoo.idp.IdpApplication - Starting IdpApplication using Java 1.8.0_201 on LAPTOP-K4ANGEDV with PID 14160 (D:\java\jiangnan\idp\target\classes started by sunshangfeng in D:\java\jiangnan\idp)
2025-08-07 16:21:02.095 [main] INFO  com.egoo.idp.IdpApplication - The following 1 profile is active: "transaction-config"
2025-08-07 16:21:03.046 [main] INFO  o.a.coyote.http11.Http11NioProtocol - Initializing ProtocolHandler ["http-nio-8080"]
2025-08-07 16:21:03.047 [main] INFO  o.a.catalina.core.StandardService - Starting service [Tomcat]
2025-08-07 16:21:03.048 [main] INFO  o.a.catalina.core.StandardEngine - Starting Servlet engine: [Apache Tomcat/9.0.79]
2025-08-07 16:21:03.170 [main] INFO  o.a.c.c.C.[.[localhost].[/idp] - Initializing Spring embedded WebApplicationContext
2025-08-07 16:21:03.347 [main] WARN  c.b.m.core.metadata.TableInfoHelper - Can not find table primary key in Class: "com.egoo.idp.entity.dto.HistorySessionInfoDto".
2025-08-07 16:21:03.351 [main] WARN  c.b.m.c.injector.DefaultSqlInjector - class com.egoo.idp.entity.dto.HistorySessionInfoDto ,Not found @TableId annotation, Cannot use Mybatis-Plus 'xxById' Method.
2025-08-07 16:21:04.906 [main] INFO  s.d.s.w.PropertySourcedRequestMappingHandlerMapping - Mapped URL path [/v2/api-docs] onto method [springfox.documentation.swagger2.web.Swagger2Controller#getDocumentation(String, HttpServletRequest)]
2025-08-07 16:21:05.088 [main] INFO  o.a.coyote.http11.Http11NioProtocol - Starting ProtocolHandler ["http-nio-8080"]
2025-08-07 16:21:05.101 [main] INFO  s.d.s.w.p.DocumentationPluginsBootstrapper - Context refreshed
2025-08-07 16:21:05.113 [main] INFO  s.d.s.w.p.DocumentationPluginsBootstrapper - Found 1 custom documentation plugin(s)
2025-08-07 16:21:05.134 [main] INFO  s.d.s.w.s.ApiListingReferenceScanner - Scanning for api listing references
2025-08-07 16:21:05.216 [main] INFO  s.d.s.w.r.o.CachingOperationNameGenerator - Generating unique operation named: pageUsingGET_1
2025-08-07 16:21:05.236 [main] INFO  com.egoo.idp.IdpApplication - Started IdpApplication in 3.42 seconds (JVM running for 5.472)
2025-08-07 16:21:55.600 [http-nio-8080-exec-1] INFO  o.a.c.c.C.[.[localhost].[/idp] - Initializing Spring DispatcherServlet 'dispatcherServlet'
2025-08-07 16:21:55.648 [http-nio-8080-exec-1] INFO  com.egoo.idp.config.LogInterceptor - Request URL: http://localhost:8080/idp/swagger-ui.html
Request Method: GET
Client IP: 0:0:0:0:0:0:0:1
Request Parameters: {}

2025-08-07 16:21:55.650 [http-nio-8080-exec-1] INFO  com.egoo.idp.config.LogInterceptor - Response Status: 304
Request Processing Time: 35ms

2025-08-07 16:21:55.912 [http-nio-8080-exec-4] INFO  com.egoo.idp.config.LogInterceptor - Request URL: http://localhost:8080/idp/webjars/springfox-swagger-ui/swagger-ui.css
Request Method: GET
Client IP: 0:0:0:0:0:0:0:1
Request Parameters: {"v":"2.9.2"}

2025-08-07 16:21:55.912 [http-nio-8080-exec-3] INFO  com.egoo.idp.config.LogInterceptor - Request URL: http://localhost:8080/idp/webjars/springfox-swagger-ui/springfox.css
Request Method: GET
Client IP: 0:0:0:0:0:0:0:1
Request Parameters: {"v":"2.9.2"}

2025-08-07 16:21:55.914 [http-nio-8080-exec-6] INFO  com.egoo.idp.config.LogInterceptor - Request URL: http://localhost:8080/idp/webjars/springfox-swagger-ui/springfox.js
Request Method: GET
Client IP: 0:0:0:0:0:0:0:1
Request Parameters: {"v":"2.9.2"}

2025-08-07 16:21:55.914 [http-nio-8080-exec-9] INFO  com.egoo.idp.config.LogInterceptor - Request URL: http://localhost:8080/idp/webjars/springfox-swagger-ui/swagger-ui-bundle.js
Request Method: GET
Client IP: 0:0:0:0:0:0:0:1
Request Parameters: {"v":"2.9.2"}

2025-08-07 16:21:55.914 [http-nio-8080-exec-3] INFO  com.egoo.idp.config.LogInterceptor - Response Status: 304
Request Processing Time: 3ms

2025-08-07 16:21:55.915 [http-nio-8080-exec-5] INFO  com.egoo.idp.config.LogInterceptor - Request URL: http://localhost:8080/idp/webjars/springfox-swagger-ui/swagger-ui-standalone-preset.js
Request Method: GET
Client IP: 0:0:0:0:0:0:0:1
Request Parameters: {"v":"2.9.2"}

2025-08-07 16:21:55.915 [http-nio-8080-exec-4] INFO  com.egoo.idp.config.LogInterceptor - Response Status: 304
Request Processing Time: 3ms

2025-08-07 16:21:55.916 [http-nio-8080-exec-9] INFO  com.egoo.idp.config.LogInterceptor - Response Status: 304
Request Processing Time: 2ms

2025-08-07 16:21:55.916 [http-nio-8080-exec-6] INFO  com.egoo.idp.config.LogInterceptor - Response Status: 304
Request Processing Time: 2ms

2025-08-07 16:21:55.916 [http-nio-8080-exec-5] INFO  com.egoo.idp.config.LogInterceptor - Response Status: 304
Request Processing Time: 1ms

2025-08-07 16:21:56.029 [http-nio-8080-exec-7] INFO  com.egoo.idp.config.LogInterceptor - Request URL: http://localhost:8080/idp/swagger-resources/configuration/ui
Request Method: GET
Client IP: 0:0:0:0:0:0:0:1
Request Parameters: {}

2025-08-07 16:21:56.072 [http-nio-8080-exec-7] INFO  com.egoo.idp.config.LogInterceptor - Response Status: 200
Request Processing Time: 43ms

2025-08-07 16:21:56.073 [http-nio-8080-exec-8] INFO  com.egoo.idp.config.LogInterceptor - Request URL: http://localhost:8080/idp/webjars/springfox-swagger-ui/favicon-32x32.png
Request Method: GET
Client IP: 0:0:0:0:0:0:0:1
Request Parameters: {"v":"2.9.2"}

2025-08-07 16:21:56.076 [http-nio-8080-exec-8] INFO  com.egoo.idp.config.LogInterceptor - Response Status: 200
Request Processing Time: 3ms

2025-08-07 16:21:56.089 [http-nio-8080-exec-2] INFO  com.egoo.idp.config.LogInterceptor - Request URL: http://localhost:8080/idp/swagger-resources/configuration/security
Request Method: GET
Client IP: 0:0:0:0:0:0:0:1
Request Parameters: {}

2025-08-07 16:21:56.095 [http-nio-8080-exec-2] INFO  com.egoo.idp.config.LogInterceptor - Response Status: 200
Request Processing Time: 6ms

2025-08-07 16:21:56.098 [http-nio-8080-exec-10] INFO  com.egoo.idp.config.LogInterceptor - Request URL: http://localhost:8080/idp/swagger-resources
Request Method: GET
Client IP: 0:0:0:0:0:0:0:1
Request Parameters: {}

2025-08-07 16:21:56.103 [http-nio-8080-exec-10] INFO  com.egoo.idp.config.LogInterceptor - Response Status: 200
Request Processing Time: 5ms

2025-08-07 16:21:56.122 [http-nio-8080-exec-3] INFO  com.egoo.idp.config.LogInterceptor - Request URL: http://localhost:8080/idp/
Request Method: GET
Client IP: 0:0:0:0:0:0:0:1
Request Parameters: {}

2025-08-07 16:21:56.122 [http-nio-8080-exec-3] INFO  com.egoo.idp.config.LogInterceptor - Response Status: 404
Request Processing Time: 0ms

2025-08-07 16:21:56.126 [http-nio-8080-exec-3] INFO  com.egoo.idp.config.LogInterceptor - Request URL: http://localhost:8080/idp/error
Request Method: GET
Client IP: 0:0:0:0:0:0:0:1
Request Parameters: {}

2025-08-07 16:21:56.134 [http-nio-8080-exec-3] INFO  com.egoo.idp.config.LogInterceptor - Response Status: 404
Request Processing Time: 8ms

2025-08-07 16:21:56.145 [http-nio-8080-exec-6] INFO  com.egoo.idp.config.LogInterceptor - Request URL: http://localhost:8080/idp/webjars/springfox-swagger-ui/fonts/open-sans-v15-latin-regular.woff2
Request Method: GET
Client IP: 0:0:0:0:0:0:0:1
Request Parameters: {}

2025-08-07 16:21:56.145 [http-nio-8080-exec-4] INFO  com.egoo.idp.config.LogInterceptor - Request URL: http://localhost:8080/idp/webjars/springfox-swagger-ui/fonts/titillium-web-v6-latin-700.woff2
Request Method: GET
Client IP: 0:0:0:0:0:0:0:1
Request Parameters: {}

2025-08-07 16:21:56.146 [http-nio-8080-exec-9] INFO  com.egoo.idp.config.LogInterceptor - Request URL: http://localhost:8080/idp/csrf
Request Method: GET
Client IP: 0:0:0:0:0:0:0:1
Request Parameters: {}

2025-08-07 16:21:56.146 [http-nio-8080-exec-4] INFO  com.egoo.idp.config.LogInterceptor - Response Status: 304
Request Processing Time: 2ms

2025-08-07 16:21:56.146 [http-nio-8080-exec-6] INFO  com.egoo.idp.config.LogInterceptor - Response Status: 304
Request Processing Time: 2ms

2025-08-07 16:21:56.149 [http-nio-8080-exec-9] INFO  com.egoo.idp.config.LogInterceptor - Response Status: 404
Request Processing Time: 3ms

2025-08-07 16:21:56.150 [http-nio-8080-exec-9] INFO  com.egoo.idp.config.LogInterceptor - Request URL: http://localhost:8080/idp/error
Request Method: GET
Client IP: 0:0:0:0:0:0:0:1
Request Parameters: {}

2025-08-07 16:21:56.151 [http-nio-8080-exec-9] INFO  com.egoo.idp.config.LogInterceptor - Response Status: 404
Request Processing Time: 1ms

2025-08-07 16:21:56.234 [http-nio-8080-exec-7] INFO  com.egoo.idp.config.LogInterceptor - Request URL: http://localhost:8080/idp/webjars/springfox-swagger-ui/fonts/source-code-pro-v7-latin-300.woff2
Request Method: GET
Client IP: 0:0:0:0:0:0:0:1
Request Parameters: {}

2025-08-07 16:21:56.234 [http-nio-8080-exec-5] INFO  com.egoo.idp.config.LogInterceptor - Request URL: http://localhost:8080/idp/webjars/springfox-swagger-ui/fonts/open-sans-v15-latin-700.woff2
Request Method: GET
Client IP: 0:0:0:0:0:0:0:1
Request Parameters: {}

2025-08-07 16:21:56.235 [http-nio-8080-exec-7] INFO  com.egoo.idp.config.LogInterceptor - Response Status: 304
Request Processing Time: 1ms

2025-08-07 16:21:56.235 [http-nio-8080-exec-5] INFO  com.egoo.idp.config.LogInterceptor - Response Status: 304
Request Processing Time: 1ms

2025-08-07 16:21:58.330 [http-nio-8080-exec-8] INFO  com.egoo.idp.config.LogInterceptor - Request URL: http://localhost:8080/idp/webjars/springfox-swagger-ui/fonts/source-code-pro-v7-latin-600.woff2
Request Method: GET
Client IP: 0:0:0:0:0:0:0:1
Request Parameters: {}

2025-08-07 16:21:58.332 [http-nio-8080-exec-8] INFO  com.egoo.idp.config.LogInterceptor - Response Status: 304
Request Processing Time: 2ms

2025-08-07 16:22:01.185 [http-nio-8080-exec-2] INFO  com.egoo.idp.config.LogInterceptor - Request URL: http://localhost:8080/idp/webjars/springfox-swagger-ui/fonts/titillium-web-v6-latin-regular.woff2
Request Method: GET
Client IP: 0:0:0:0:0:0:0:1
Request Parameters: {}

2025-08-07 16:22:01.188 [http-nio-8080-exec-2] INFO  com.egoo.idp.config.LogInterceptor - Response Status: 304
Request Processing Time: 3ms

2025-08-07 16:22:45.995 [http-nio-8080-exec-1] INFO  com.egoo.idp.config.LogInterceptor - Request URL: http://localhost:8080/idp/if/v1/transaction/%7Btranscode%7D
Request Method: GET
Client IP: 0:0:0:0:0:0:0:1
Request Parameters: {"params":"1"}

2025-08-07 16:22:46.002 [http-nio-8080-exec-1] WARN  o.s.w.s.m.s.DefaultHandlerExceptionResolver - Resolved [org.springframework.web.bind.MissingPathVariableException: Required URI template variable 'transCode' for method parameter type String is not present]
2025-08-07 16:22:46.002 [http-nio-8080-exec-1] INFO  com.egoo.idp.config.LogInterceptor - Response Status: 500
Request Processing Time: 7ms

2025-08-07 16:22:46.004 [http-nio-8080-exec-1] INFO  com.egoo.idp.config.LogInterceptor - Request URL: http://localhost:8080/idp/error
Request Method: GET
Client IP: 0:0:0:0:0:0:0:1
Request Parameters: {"params":"1"}

2025-08-07 16:22:46.005 [http-nio-8080-exec-1] INFO  com.egoo.idp.config.LogInterceptor - Response Status: 500
Request Processing Time: 2ms

2025-08-07 16:22:46.025 [http-nio-8080-exec-5] INFO  com.egoo.idp.config.LogInterceptor - Request URL: http://localhost:8080/idp/webjars/springfox-swagger-ui/fonts/titillium-web-v6-latin-600.woff2
Request Method: GET
Client IP: 0:0:0:0:0:0:0:1
Request Parameters: {}

2025-08-07 16:22:46.028 [http-nio-8080-exec-5] INFO  com.egoo.idp.config.LogInterceptor - Response Status: 304
Request Processing Time: 3ms

2025-08-07 16:24:58.103 [http-nio-8080-exec-2] INFO  com.egoo.idp.config.LogInterceptor - Request URL: http://localhost:8080/idp/if/v1/transaction/CREDIT_QUERY
Request Method: GET
Client IP: 0:0:0:0:0:0:0:1
Request Parameters: {"PINBLOCK":"12312312","CARDNO":"21323432"}

2025-08-07 16:24:58.103 [http-nio-8080-exec-2] WARN  o.s.w.s.m.s.DefaultHandlerExceptionResolver - Resolved [org.springframework.web.bind.MissingPathVariableException: Required URI template variable 'transCode' for method parameter type String is not present]
2025-08-07 16:24:58.103 [http-nio-8080-exec-2] INFO  com.egoo.idp.config.LogInterceptor - Response Status: 500
Request Processing Time: 1ms

2025-08-07 16:24:58.104 [http-nio-8080-exec-2] INFO  com.egoo.idp.config.LogInterceptor - Request URL: http://localhost:8080/idp/error
Request Method: GET
Client IP: 0:0:0:0:0:0:0:1
Request Parameters: {"PINBLOCK":"12312312","CARDNO":"21323432"}

2025-08-07 16:24:58.105 [http-nio-8080-exec-2] INFO  com.egoo.idp.config.LogInterceptor - Response Status: 500
Request Processing Time: 1ms

2025-08-07 16:25:54.578 [http-nio-8080-exec-6] INFO  com.egoo.idp.config.LogInterceptor - Request URL: http://localhost:8080/idp/if/v1/transaction/123
Request Method: GET
Client IP: 0:0:0:0:0:0:0:1
Request Parameters: {"PINBLOCK":"12312312","CARDNO":"21323432"}

2025-08-07 16:25:54.578 [http-nio-8080-exec-6] WARN  o.s.w.s.m.s.DefaultHandlerExceptionResolver - Resolved [org.springframework.web.bind.MissingPathVariableException: Required URI template variable 'transCode' for method parameter type String is not present]
2025-08-07 16:25:54.578 [http-nio-8080-exec-6] INFO  com.egoo.idp.config.LogInterceptor - Response Status: 500
Request Processing Time: 0ms

2025-08-07 16:25:54.579 [http-nio-8080-exec-6] INFO  com.egoo.idp.config.LogInterceptor - Request URL: http://localhost:8080/idp/error
Request Method: GET
Client IP: 0:0:0:0:0:0:0:1
Request Parameters: {"PINBLOCK":"12312312","CARDNO":"21323432"}

2025-08-07 16:25:54.580 [http-nio-8080-exec-6] INFO  com.egoo.idp.config.LogInterceptor - Response Status: 500
Request Processing Time: 1ms

2025-08-07 16:28:04.438 [background-preinit] INFO  o.h.validator.internal.util.Version - HV000001: Hibernate Validator 6.2.5.Final
2025-08-07 16:28:04.439 [main] INFO  com.egoo.idp.IdpApplication - Starting IdpApplication using Java 1.8.0_201 on LAPTOP-K4ANGEDV with PID 8064 (D:\java\jiangnan\idp\target\classes started by sunshangfeng in D:\java\jiangnan\idp)
2025-08-07 16:28:04.440 [main] INFO  com.egoo.idp.IdpApplication - The following 1 profile is active: "transaction-config"
2025-08-07 16:28:05.284 [main] INFO  o.a.coyote.http11.Http11NioProtocol - Initializing ProtocolHandler ["http-nio-8080"]
2025-08-07 16:28:05.285 [main] INFO  o.a.catalina.core.StandardService - Starting service [Tomcat]
2025-08-07 16:28:05.285 [main] INFO  o.a.catalina.core.StandardEngine - Starting Servlet engine: [Apache Tomcat/9.0.79]
2025-08-07 16:28:05.404 [main] INFO  o.a.c.c.C.[.[localhost].[/idp] - Initializing Spring embedded WebApplicationContext
2025-08-07 16:28:05.571 [main] WARN  c.b.m.core.metadata.TableInfoHelper - Can not find table primary key in Class: "com.egoo.idp.entity.dto.HistorySessionInfoDto".
2025-08-07 16:28:05.574 [main] WARN  c.b.m.c.injector.DefaultSqlInjector - class com.egoo.idp.entity.dto.HistorySessionInfoDto ,Not found @TableId annotation, Cannot use Mybatis-Plus 'xxById' Method.
2025-08-07 16:28:07.039 [main] INFO  s.d.s.w.PropertySourcedRequestMappingHandlerMapping - Mapped URL path [/v2/api-docs] onto method [springfox.documentation.swagger2.web.Swagger2Controller#getDocumentation(String, HttpServletRequest)]
2025-08-07 16:28:07.207 [main] INFO  o.a.coyote.http11.Http11NioProtocol - Starting ProtocolHandler ["http-nio-8080"]
2025-08-07 16:28:07.222 [main] INFO  s.d.s.w.p.DocumentationPluginsBootstrapper - Context refreshed
2025-08-07 16:28:07.234 [main] INFO  s.d.s.w.p.DocumentationPluginsBootstrapper - Found 1 custom documentation plugin(s)
2025-08-07 16:28:07.253 [main] INFO  s.d.s.w.s.ApiListingReferenceScanner - Scanning for api listing references
2025-08-07 16:28:07.321 [main] INFO  s.d.s.w.r.o.CachingOperationNameGenerator - Generating unique operation named: pageUsingGET_1
2025-08-07 16:28:07.337 [main] INFO  com.egoo.idp.IdpApplication - Started IdpApplication in 3.146 seconds (JVM running for 4.523)
2025-08-07 16:28:18.567 [http-nio-8080-exec-1] INFO  o.a.c.c.C.[.[localhost].[/idp] - Initializing Spring DispatcherServlet 'dispatcherServlet'
2025-08-07 16:28:18.620 [http-nio-8080-exec-1] INFO  com.egoo.idp.config.LogInterceptor - Request URL: http://localhost:8080/idp/if/v1/transaction/123
Request Method: GET
Client IP: 0:0:0:0:0:0:0:1
Request Parameters: {"PINBLOCK":"12312312","CARDNO":"21323432"}

2025-08-07 16:28:27.548 [http-nio-8080-exec-1] ERROR com.egoo.idp.config.LogInterceptor - Response Status: 200
Request Processing Time: 8966ms
Exception: null

java.lang.NullPointerException: null
	at com.egoo.idp.config.transaction.TransactionConfig.getRule(TransactionConfig.java:24)
	at com.egoo.idp.service.impl.CreditTransactionServiceImpl.execute(TransactionServiceImpl.java:40)
	at com.egoo.idp.controller.transaction.credit.CreditTransactionController.execute(TransactionController.java:23)
	at sun.reflect.NativeMethodAccessorImpl.invoke0(Native Method)
	at sun.reflect.NativeMethodAccessorImpl.invoke(NativeMethodAccessorImpl.java:62)
	at sun.reflect.DelegatingMethodAccessorImpl.invoke(DelegatingMethodAccessorImpl.java:43)
	at java.lang.reflect.Method.invoke(Method.java:498)
	at org.springframework.web.method.support.InvocableHandlerMethod.doInvoke(InvocableHandlerMethod.java:205)
	at org.springframework.web.method.support.InvocableHandlerMethod.invokeForRequest(InvocableHandlerMethod.java:150)
	at org.springframework.web.servlet.mvc.method.annotation.ServletInvocableHandlerMethod.invokeAndHandle(ServletInvocableHandlerMethod.java:117)
	at org.springframework.web.servlet.mvc.method.annotation.RequestMappingHandlerAdapter.invokeHandlerMethod(RequestMappingHandlerAdapter.java:895)
	at org.springframework.web.servlet.mvc.method.annotation.RequestMappingHandlerAdapter.handleInternal(RequestMappingHandlerAdapter.java:808)
	at org.springframework.web.servlet.mvc.method.AbstractHandlerMethodAdapter.handle(AbstractHandlerMethodAdapter.java:87)
	at org.springframework.web.servlet.DispatcherServlet.doDispatch(DispatcherServlet.java:1072)
	at org.springframework.web.servlet.DispatcherServlet.doService(DispatcherServlet.java:965)
	at org.springframework.web.servlet.FrameworkServlet.processRequest(FrameworkServlet.java:1006)
	at org.springframework.web.servlet.FrameworkServlet.doGet(FrameworkServlet.java:898)
	at javax.servlet.http.HttpServlet.service(HttpServlet.java:529)
	at org.springframework.web.servlet.FrameworkServlet.service(FrameworkServlet.java:883)
	at javax.servlet.http.HttpServlet.service(HttpServlet.java:623)
	at org.apache.catalina.core.ApplicationFilterChain.internalDoFilter(ApplicationFilterChain.java:209)
	at org.apache.catalina.core.ApplicationFilterChain.doFilter(ApplicationFilterChain.java:153)
	at org.apache.tomcat.websocket.server.WsFilter.doFilter(WsFilter.java:51)
	at org.apache.catalina.core.ApplicationFilterChain.internalDoFilter(ApplicationFilterChain.java:178)
	at org.apache.catalina.core.ApplicationFilterChain.doFilter(ApplicationFilterChain.java:153)
	at org.springframework.web.filter.RequestContextFilter.doFilterInternal(RequestContextFilter.java:100)
	at org.springframework.web.filter.OncePerRequestFilter.doFilter(OncePerRequestFilter.java:117)
	at org.apache.catalina.core.ApplicationFilterChain.internalDoFilter(ApplicationFilterChain.java:178)
	at org.apache.catalina.core.ApplicationFilterChain.doFilter(ApplicationFilterChain.java:153)
	at org.springframework.web.filter.FormContentFilter.doFilterInternal(FormContentFilter.java:93)
	at org.springframework.web.filter.OncePerRequestFilter.doFilter(OncePerRequestFilter.java:117)
	at org.apache.catalina.core.ApplicationFilterChain.internalDoFilter(ApplicationFilterChain.java:178)
	at org.apache.catalina.core.ApplicationFilterChain.doFilter(ApplicationFilterChain.java:153)
	at org.springframework.web.filter.CharacterEncodingFilter.doFilterInternal(CharacterEncodingFilter.java:201)
	at org.springframework.web.filter.OncePerRequestFilter.doFilter(OncePerRequestFilter.java:117)
	at org.apache.catalina.core.ApplicationFilterChain.internalDoFilter(ApplicationFilterChain.java:178)
	at org.apache.catalina.core.ApplicationFilterChain.doFilter(ApplicationFilterChain.java:153)
	at org.apache.catalina.core.StandardWrapperValve.invoke(StandardWrapperValve.java:167)
	at org.apache.catalina.core.StandardContextValve.invoke(StandardContextValve.java:90)
	at org.apache.catalina.authenticator.AuthenticatorBase.invoke(AuthenticatorBase.java:481)
	at org.apache.catalina.core.StandardHostValve.invoke(StandardHostValve.java:130)
	at org.apache.catalina.valves.ErrorReportValve.invoke(ErrorReportValve.java:93)
	at org.apache.catalina.core.StandardEngineValve.invoke(StandardEngineValve.java:74)
	at org.apache.catalina.connector.CoyoteAdapter.service(CoyoteAdapter.java:343)
	at org.apache.coyote.http11.Http11Processor.service(Http11Processor.java:390)
	at org.apache.coyote.AbstractProcessorLight.process(AbstractProcessorLight.java:63)
	at org.apache.coyote.AbstractProtocol$ConnectionHandler.process(AbstractProtocol.java:926)
	at org.apache.tomcat.util.net.NioEndpoint$SocketProcessor.doRun(NioEndpoint.java:1790)
	at org.apache.tomcat.util.net.SocketProcessorBase.run(SocketProcessorBase.java:52)
	at org.apache.tomcat.util.threads.ThreadPoolExecutor.runWorker(ThreadPoolExecutor.java:1191)
	at org.apache.tomcat.util.threads.ThreadPoolExecutor$Worker.run(ThreadPoolExecutor.java:659)
	at org.apache.tomcat.util.threads.TaskThread$WrappingRunnable.run(TaskThread.java:61)
	at java.lang.Thread.run(Thread.java:748)
2025-08-07 16:28:27.554 [http-nio-8080-exec-1] ERROR o.a.c.c.C.[.[.[.[dispatcherServlet] - Servlet.service() for servlet [dispatcherServlet] in context with path [/idp] threw exception [Request processing failed; nested exception is java.lang.NullPointerException] with root cause
java.lang.NullPointerException: null
	at com.egoo.idp.config.transaction.TransactionConfig.getRule(TransactionConfig.java:24)
	at com.egoo.idp.service.impl.CreditTransactionServiceImpl.execute(TransactionServiceImpl.java:40)
	at com.egoo.idp.controller.transaction.credit.CreditTransactionController.execute(TransactionController.java:23)
	at sun.reflect.NativeMethodAccessorImpl.invoke0(Native Method)
	at sun.reflect.NativeMethodAccessorImpl.invoke(NativeMethodAccessorImpl.java:62)
	at sun.reflect.DelegatingMethodAccessorImpl.invoke(DelegatingMethodAccessorImpl.java:43)
	at java.lang.reflect.Method.invoke(Method.java:498)
	at org.springframework.web.method.support.InvocableHandlerMethod.doInvoke(InvocableHandlerMethod.java:205)
	at org.springframework.web.method.support.InvocableHandlerMethod.invokeForRequest(InvocableHandlerMethod.java:150)
	at org.springframework.web.servlet.mvc.method.annotation.ServletInvocableHandlerMethod.invokeAndHandle(ServletInvocableHandlerMethod.java:117)
	at org.springframework.web.servlet.mvc.method.annotation.RequestMappingHandlerAdapter.invokeHandlerMethod(RequestMappingHandlerAdapter.java:895)
	at org.springframework.web.servlet.mvc.method.annotation.RequestMappingHandlerAdapter.handleInternal(RequestMappingHandlerAdapter.java:808)
	at org.springframework.web.servlet.mvc.method.AbstractHandlerMethodAdapter.handle(AbstractHandlerMethodAdapter.java:87)
	at org.springframework.web.servlet.DispatcherServlet.doDispatch(DispatcherServlet.java:1072)
	at org.springframework.web.servlet.DispatcherServlet.doService(DispatcherServlet.java:965)
	at org.springframework.web.servlet.FrameworkServlet.processRequest(FrameworkServlet.java:1006)
	at org.springframework.web.servlet.FrameworkServlet.doGet(FrameworkServlet.java:898)
	at javax.servlet.http.HttpServlet.service(HttpServlet.java:529)
	at org.springframework.web.servlet.FrameworkServlet.service(FrameworkServlet.java:883)
	at javax.servlet.http.HttpServlet.service(HttpServlet.java:623)
	at org.apache.catalina.core.ApplicationFilterChain.internalDoFilter(ApplicationFilterChain.java:209)
	at org.apache.catalina.core.ApplicationFilterChain.doFilter(ApplicationFilterChain.java:153)
	at org.apache.tomcat.websocket.server.WsFilter.doFilter(WsFilter.java:51)
	at org.apache.catalina.core.ApplicationFilterChain.internalDoFilter(ApplicationFilterChain.java:178)
	at org.apache.catalina.core.ApplicationFilterChain.doFilter(ApplicationFilterChain.java:153)
	at org.springframework.web.filter.RequestContextFilter.doFilterInternal(RequestContextFilter.java:100)
	at org.springframework.web.filter.OncePerRequestFilter.doFilter(OncePerRequestFilter.java:117)
	at org.apache.catalina.core.ApplicationFilterChain.internalDoFilter(ApplicationFilterChain.java:178)
	at org.apache.catalina.core.ApplicationFilterChain.doFilter(ApplicationFilterChain.java:153)
	at org.springframework.web.filter.FormContentFilter.doFilterInternal(FormContentFilter.java:93)
	at org.springframework.web.filter.OncePerRequestFilter.doFilter(OncePerRequestFilter.java:117)
	at org.apache.catalina.core.ApplicationFilterChain.internalDoFilter(ApplicationFilterChain.java:178)
	at org.apache.catalina.core.ApplicationFilterChain.doFilter(ApplicationFilterChain.java:153)
	at org.springframework.web.filter.CharacterEncodingFilter.doFilterInternal(CharacterEncodingFilter.java:201)
	at org.springframework.web.filter.OncePerRequestFilter.doFilter(OncePerRequestFilter.java:117)
	at org.apache.catalina.core.ApplicationFilterChain.internalDoFilter(ApplicationFilterChain.java:178)
	at org.apache.catalina.core.ApplicationFilterChain.doFilter(ApplicationFilterChain.java:153)
	at org.apache.catalina.core.StandardWrapperValve.invoke(StandardWrapperValve.java:167)
	at org.apache.catalina.core.StandardContextValve.invoke(StandardContextValve.java:90)
	at org.apache.catalina.authenticator.AuthenticatorBase.invoke(AuthenticatorBase.java:481)
	at org.apache.catalina.core.StandardHostValve.invoke(StandardHostValve.java:130)
	at org.apache.catalina.valves.ErrorReportValve.invoke(ErrorReportValve.java:93)
	at org.apache.catalina.core.StandardEngineValve.invoke(StandardEngineValve.java:74)
	at org.apache.catalina.connector.CoyoteAdapter.service(CoyoteAdapter.java:343)
	at org.apache.coyote.http11.Http11Processor.service(Http11Processor.java:390)
	at org.apache.coyote.AbstractProcessorLight.process(AbstractProcessorLight.java:63)
	at org.apache.coyote.AbstractProtocol$ConnectionHandler.process(AbstractProtocol.java:926)
	at org.apache.tomcat.util.net.NioEndpoint$SocketProcessor.doRun(NioEndpoint.java:1790)
	at org.apache.tomcat.util.net.SocketProcessorBase.run(SocketProcessorBase.java:52)
	at org.apache.tomcat.util.threads.ThreadPoolExecutor.runWorker(ThreadPoolExecutor.java:1191)
	at org.apache.tomcat.util.threads.ThreadPoolExecutor$Worker.run(ThreadPoolExecutor.java:659)
	at org.apache.tomcat.util.threads.TaskThread$WrappingRunnable.run(TaskThread.java:61)
	at java.lang.Thread.run(Thread.java:748)
2025-08-07 16:28:27.563 [http-nio-8080-exec-1] INFO  com.egoo.idp.config.LogInterceptor - Request URL: http://localhost:8080/idp/error
Request Method: GET
Client IP: 0:0:0:0:0:0:0:1
Request Parameters: {"PINBLOCK":"12312312","CARDNO":"21323432"}

2025-08-07 16:28:27.595 [http-nio-8080-exec-1] INFO  com.egoo.idp.config.LogInterceptor - Response Status: 500
Request Processing Time: 32ms

2025-08-07 18:43:08.542 [background-preinit] INFO  o.h.validator.internal.util.Version - HV000001: Hibernate Validator 6.2.5.Final
2025-08-07 18:43:08.545 [main] INFO  com.egoo.idp.IdpApplication - Starting IdpApplication using Java 1.8.0_201 on LAPTOP-K4ANGEDV with PID 28564 (D:\java\jiangnan\idp\target\classes started by sunshangfeng in D:\java\jiangnan\idp)
2025-08-07 18:43:08.545 [main] INFO  com.egoo.idp.IdpApplication - The following 1 profile is active: "transaction-config"
2025-08-07 18:43:09.419 [main] INFO  o.a.coyote.http11.Http11NioProtocol - Initializing ProtocolHandler ["http-nio-8080"]
2025-08-07 18:43:09.420 [main] INFO  o.a.catalina.core.StandardService - Starting service [Tomcat]
2025-08-07 18:43:09.420 [main] INFO  o.a.catalina.core.StandardEngine - Starting Servlet engine: [Apache Tomcat/9.0.79]
2025-08-07 18:43:09.545 [main] INFO  o.a.c.c.C.[.[localhost].[/idp] - Initializing Spring embedded WebApplicationContext
2025-08-07 18:43:09.583 [main] WARN  o.s.b.w.s.c.AnnotationConfigServletWebServerApplicationContext - Exception encountered during context initialization - cancelling refresh attempt: org.springframework.boot.context.properties.ConfigurationPropertiesBindException: Error creating bean with name 'transactionConfig': Could not bind properties to 'TransactionConfig' : prefix=transaction, ignoreInvalidFields=false, ignoreUnknownFields=true; nested exception is org.springframework.boot.context.properties.bind.BindException: Failed to bind properties under 'transaction.definitions.creditbyid.optional-request-fields' to java.util.List<java.lang.String>
2025-08-07 18:43:09.584 [main] INFO  o.a.catalina.core.StandardService - Stopping service [Tomcat]
2025-08-07 18:43:09.657 [main] ERROR o.s.b.d.LoggingFailureAnalysisReporter -

***************************
APPLICATION FAILED TO START
***************************

Description:

Binding to target [Bindable@88b76f2 type = java.util.List<java.lang.String>, value = 'provided', annotations = array<Annotation>[[empty]]] failed:

    Property: transaction.definitions.creditbyid.optionalrequestfields[0].defaultvalue
    Value: "100"
    Origin: class path resource [application-transaction-config.yml] - 10:25
    Reason: The elements [transaction.definitions.creditbyid.optionalrequestfields[0].defaultvalue,transaction.definitions.creditbyid.optionalrequestfields[0].field] were left unbound.
    Property: transaction.definitions.creditbyid.optionalrequestfields[0].field
    Value: "pagerownum"
    Origin: class path resource [application-transaction-config.yml] - 9:18
    Reason: The elements [transaction.definitions.creditbyid.optionalrequestfields[0].defaultvalue,transaction.definitions.creditbyid.optionalrequestfields[0].field] were left unbound.

Action:

Update your application's configuration

2025-08-07 18:43:43.099 [background-preinit] INFO  o.h.validator.internal.util.Version - HV000001: Hibernate Validator 6.2.5.Final
2025-08-07 18:43:43.101 [main] INFO  com.egoo.idp.IdpApplication - Starting IdpApplication using Java 1.8.0_201 on LAPTOP-K4ANGEDV with PID 7536 (D:\java\jiangnan\idp\target\classes started by sunshangfeng in D:\java\jiangnan\idp)
2025-08-07 18:43:43.102 [main] INFO  com.egoo.idp.IdpApplication - The following 1 profile is active: "transaction-config"
2025-08-07 18:43:43.937 [main] INFO  o.a.coyote.http11.Http11NioProtocol - Initializing ProtocolHandler ["http-nio-8080"]
2025-08-07 18:43:43.938 [main] INFO  o.a.catalina.core.StandardService - Starting service [Tomcat]
2025-08-07 18:43:43.938 [main] INFO  o.a.catalina.core.StandardEngine - Starting Servlet engine: [Apache Tomcat/9.0.79]
2025-08-07 18:43:44.060 [main] INFO  o.a.c.c.C.[.[localhost].[/idp] - Initializing Spring embedded WebApplicationContext
2025-08-07 18:43:44.096 [main] WARN  o.s.b.w.s.c.AnnotationConfigServletWebServerApplicationContext - Exception encountered during context initialization - cancelling refresh attempt: org.springframework.boot.context.properties.ConfigurationPropertiesBindException: Error creating bean with name 'transactionConfig': Could not bind properties to 'TransactionConfig' : prefix=transaction, ignoreInvalidFields=false, ignoreUnknownFields=true; nested exception is org.springframework.boot.context.properties.bind.BindException: Failed to bind properties under 'transaction.definitions.creditbyid.optional-request-fields' to java.util.List<java.lang.String>
2025-08-07 18:43:44.098 [main] INFO  o.a.catalina.core.StandardService - Stopping service [Tomcat]
2025-08-07 18:43:44.163 [main] ERROR o.s.b.d.LoggingFailureAnalysisReporter -

***************************
APPLICATION FAILED TO START
***************************

Description:

Binding to target [Bindable@a85644c type = java.util.List<java.lang.String>, value = 'provided', annotations = array<Annotation>[[empty]]] failed:

    Property: transaction.definitions.creditbyid.optionalrequestfields[0].defaultvalue
    Value: "100"
    Origin: class path resource [application-transaction-config.yml] - 10:25
    Reason: The elements [transaction.definitions.creditbyid.optionalrequestfields[0].defaultvalue,transaction.definitions.creditbyid.optionalrequestfields[0].field] were left unbound.
    Property: transaction.definitions.creditbyid.optionalrequestfields[0].field
    Value: "pagerownum"
    Origin: class path resource [application-transaction-config.yml] - 9:18
    Reason: The elements [transaction.definitions.creditbyid.optionalrequestfields[0].defaultvalue,transaction.definitions.creditbyid.optionalrequestfields[0].field] were left unbound.

Action:

Update your application's configuration

2025-08-07 18:47:39.669 [background-preinit] INFO  o.h.validator.internal.util.Version - HV000001: Hibernate Validator 6.2.5.Final
2025-08-07 18:47:39.671 [main] INFO  com.egoo.idp.IdpApplication - Starting IdpApplication using Java 1.8.0_201 on LAPTOP-K4ANGEDV with PID 43216 (D:\java\jiangnan\idp\target\classes started by sunshangfeng in D:\java\jiangnan\idp)
2025-08-07 18:47:39.671 [main] INFO  com.egoo.idp.IdpApplication - The following 1 profile is active: "transaction-config"
2025-08-07 18:47:40.489 [main] INFO  o.a.coyote.http11.Http11NioProtocol - Initializing ProtocolHandler ["http-nio-8080"]
2025-08-07 18:47:40.490 [main] INFO  o.a.catalina.core.StandardService - Starting service [Tomcat]
2025-08-07 18:47:40.490 [main] INFO  o.a.catalina.core.StandardEngine - Starting Servlet engine: [Apache Tomcat/9.0.79]
2025-08-07 18:47:40.607 [main] INFO  o.a.c.c.C.[.[localhost].[/idp] - Initializing Spring embedded WebApplicationContext
2025-08-07 18:47:40.762 [main] WARN  c.b.m.core.metadata.TableInfoHelper - Can not find table primary key in Class: "com.egoo.idp.entity.dto.HistorySessionInfoDto".
2025-08-07 18:47:40.766 [main] WARN  c.b.m.c.injector.DefaultSqlInjector - class com.egoo.idp.entity.dto.HistorySessionInfoDto ,Not found @TableId annotation, Cannot use Mybatis-Plus 'xxById' Method.
2025-08-07 18:47:42.325 [main] INFO  s.d.s.w.PropertySourcedRequestMappingHandlerMapping - Mapped URL path [/v2/api-docs] onto method [springfox.documentation.swagger2.web.Swagger2Controller#getDocumentation(String, HttpServletRequest)]
2025-08-07 18:47:42.496 [main] INFO  o.a.coyote.http11.Http11NioProtocol - Starting ProtocolHandler ["http-nio-8080"]
2025-08-07 18:47:42.509 [main] INFO  s.d.s.w.p.DocumentationPluginsBootstrapper - Context refreshed
2025-08-07 18:47:42.521 [main] INFO  s.d.s.w.p.DocumentationPluginsBootstrapper - Found 1 custom documentation plugin(s)
2025-08-07 18:47:42.538 [main] INFO  s.d.s.w.s.ApiListingReferenceScanner - Scanning for api listing references
2025-08-07 18:47:42.602 [main] INFO  s.d.s.w.r.o.CachingOperationNameGenerator - Generating unique operation named: pageUsingGET_1
2025-08-07 18:47:42.616 [main] INFO  com.egoo.idp.IdpApplication - Started IdpApplication in 3.182 seconds (JVM running for 4.889)
2025-08-07 18:48:39.110 [http-nio-8080-exec-1] INFO  o.a.c.c.C.[.[localhost].[/idp] - Initializing Spring DispatcherServlet 'dispatcherServlet'
2025-08-07 18:48:39.155 [http-nio-8080-exec-1] INFO  com.egoo.idp.config.LogInterceptor - Request URL: http://localhost:8080/idp/if/v1/transaction/123
Request Method: GET
Client IP: 0:0:0:0:0:0:0:1
Request Parameters: {"PINBLOCK":"12312312","CARDNO":"CREDIT_BY_ID"}

2025-08-07 18:48:39.161 [http-nio-8080-exec-1] INFO  com.egoo.idp.config.LogInterceptor - Response Status: 404
Request Processing Time: 38ms

2025-08-07 18:48:39.169 [http-nio-8080-exec-1] INFO  com.egoo.idp.config.LogInterceptor - Request URL: http://localhost:8080/idp/error
Request Method: GET
Client IP: 0:0:0:0:0:0:0:1
Request Parameters: {"PINBLOCK":"12312312","CARDNO":"CREDIT_BY_ID"}

2025-08-07 18:48:39.207 [http-nio-8080-exec-1] INFO  com.egoo.idp.config.LogInterceptor - Response Status: 404
Request Processing Time: 38ms

2025-08-07 18:49:14.370 [background-preinit] INFO  o.h.validator.internal.util.Version - HV000001: Hibernate Validator 6.2.5.Final
2025-08-07 18:49:14.372 [main] INFO  com.egoo.idp.IdpApplication - Starting IdpApplication using Java 1.8.0_201 on LAPTOP-K4ANGEDV with PID 33572 (D:\java\jiangnan\idp\target\classes started by sunshangfeng in D:\java\jiangnan\idp)
2025-08-07 18:49:14.373 [main] INFO  com.egoo.idp.IdpApplication - The following 1 profile is active: "transaction-config"
2025-08-07 18:49:15.209 [main] INFO  o.a.coyote.http11.Http11NioProtocol - Initializing ProtocolHandler ["http-nio-8080"]
2025-08-07 18:49:15.210 [main] INFO  o.a.catalina.core.StandardService - Starting service [Tomcat]
2025-08-07 18:49:15.210 [main] INFO  o.a.catalina.core.StandardEngine - Starting Servlet engine: [Apache Tomcat/9.0.79]
2025-08-07 18:49:15.334 [main] INFO  o.a.c.c.C.[.[localhost].[/idp] - Initializing Spring embedded WebApplicationContext
2025-08-07 18:49:15.488 [main] WARN  c.b.m.core.metadata.TableInfoHelper - Can not find table primary key in Class: "com.egoo.idp.entity.dto.HistorySessionInfoDto".
2025-08-07 18:49:15.492 [main] WARN  c.b.m.c.injector.DefaultSqlInjector - class com.egoo.idp.entity.dto.HistorySessionInfoDto ,Not found @TableId annotation, Cannot use Mybatis-Plus 'xxById' Method.
2025-08-07 18:49:17.312 [main] INFO  s.d.s.w.PropertySourcedRequestMappingHandlerMapping - Mapped URL path [/v2/api-docs] onto method [springfox.documentation.swagger2.web.Swagger2Controller#getDocumentation(String, HttpServletRequest)]
2025-08-07 18:49:17.471 [main] INFO  o.a.coyote.http11.Http11NioProtocol - Starting ProtocolHandler ["http-nio-8080"]
2025-08-07 18:49:17.483 [main] INFO  s.d.s.w.p.DocumentationPluginsBootstrapper - Context refreshed
2025-08-07 18:49:17.494 [main] INFO  s.d.s.w.p.DocumentationPluginsBootstrapper - Found 1 custom documentation plugin(s)
2025-08-07 18:49:17.513 [main] INFO  s.d.s.w.s.ApiListingReferenceScanner - Scanning for api listing references
2025-08-07 18:49:17.573 [main] INFO  s.d.s.w.r.o.CachingOperationNameGenerator - Generating unique operation named: pageUsingGET_1
2025-08-07 18:49:17.587 [main] INFO  com.egoo.idp.IdpApplication - Started IdpApplication in 3.455 seconds (JVM running for 4.858)
2025-08-07 18:50:23.669 [http-nio-8080-exec-1] INFO  o.a.c.c.C.[.[localhost].[/idp] - Initializing Spring DispatcherServlet 'dispatcherServlet'
2025-08-07 18:50:23.717 [http-nio-8080-exec-1] INFO  com.egoo.idp.config.LogInterceptor - Request URL: http://localhost:8080/idp/if/v1/transaction/CREDIT_BY_ID
Request Method: GET
Client IP: 0:0:0:0:0:0:0:1
Request Parameters: {"PINBLOCK":"12312312","CARDNO":"1236555"}

2025-08-07 18:50:23.730 [http-nio-8080-exec-1] WARN  o.s.w.s.m.s.DefaultHandlerExceptionResolver - Resolved [org.springframework.web.bind.MissingServletRequestParameterException: Required request parameter 'u_ani' for method parameter type String is not present]
2025-08-07 18:50:23.731 [http-nio-8080-exec-1] INFO  com.egoo.idp.config.LogInterceptor - Response Status: 400
Request Processing Time: 49ms

2025-08-07 18:50:23.737 [http-nio-8080-exec-1] INFO  com.egoo.idp.config.LogInterceptor - Request URL: http://localhost:8080/idp/error
Request Method: GET
Client IP: 0:0:0:0:0:0:0:1
Request Parameters: {"PINBLOCK":"12312312","CARDNO":"1236555"}

2025-08-07 18:50:23.770 [http-nio-8080-exec-1] INFO  com.egoo.idp.config.LogInterceptor - Response Status: 400
Request Processing Time: 34ms

2025-08-07 18:51:08.316 [http-nio-8080-exec-3] INFO  com.egoo.idp.config.LogInterceptor - Request URL: http://localhost:8080/idp/if/v1/transaction/CREDIT_BY_ID
Request Method: GET
Client IP: 0:0:0:0:0:0:0:1
Request Parameters: {"u_connid":"232","PINBLOCK":"12312312","CARDNO":"1236555","u_ani":"123"}

2025-08-07 18:51:38.037 [http-nio-8080-exec-3] ERROR com.egoo.idp.config.LogInterceptor - Response Status: 200
Request Processing Time: 29720ms
Exception: 缺少必需参数: IDNO

java.lang.IllegalArgumentException: 缺少必需参数: IDNO
	at org.springframework.util.Assert.hasText(Assert.java:289)
	at com.egoo.idp.service.impl.CreditTransactionServiceImpl.validateParameters(TransactionServiceImpl.java:67)
	at com.egoo.idp.service.impl.CreditTransactionServiceImpl.processTransaction(TransactionServiceImpl.java:48)
	at com.egoo.idp.controller.transaction.credit.CreditTransactionController.processTransaction(TransactionController.java:44)
	at sun.reflect.NativeMethodAccessorImpl.invoke0(Native Method)
	at sun.reflect.NativeMethodAccessorImpl.invoke(NativeMethodAccessorImpl.java:62)
	at sun.reflect.DelegatingMethodAccessorImpl.invoke(DelegatingMethodAccessorImpl.java:43)
	at java.lang.reflect.Method.invoke(Method.java:498)
	at org.springframework.web.method.support.InvocableHandlerMethod.doInvoke(InvocableHandlerMethod.java:205)
	at org.springframework.web.method.support.InvocableHandlerMethod.invokeForRequest(InvocableHandlerMethod.java:150)
	at org.springframework.web.servlet.mvc.method.annotation.ServletInvocableHandlerMethod.invokeAndHandle(ServletInvocableHandlerMethod.java:117)
	at org.springframework.web.servlet.mvc.method.annotation.RequestMappingHandlerAdapter.invokeHandlerMethod(RequestMappingHandlerAdapter.java:895)
	at org.springframework.web.servlet.mvc.method.annotation.RequestMappingHandlerAdapter.handleInternal(RequestMappingHandlerAdapter.java:808)
	at org.springframework.web.servlet.mvc.method.AbstractHandlerMethodAdapter.handle(AbstractHandlerMethodAdapter.java:87)
	at org.springframework.web.servlet.DispatcherServlet.doDispatch(DispatcherServlet.java:1072)
	at org.springframework.web.servlet.DispatcherServlet.doService(DispatcherServlet.java:965)
	at org.springframework.web.servlet.FrameworkServlet.processRequest(FrameworkServlet.java:1006)
	at org.springframework.web.servlet.FrameworkServlet.doGet(FrameworkServlet.java:898)
	at javax.servlet.http.HttpServlet.service(HttpServlet.java:529)
	at org.springframework.web.servlet.FrameworkServlet.service(FrameworkServlet.java:883)
	at javax.servlet.http.HttpServlet.service(HttpServlet.java:623)
	at org.apache.catalina.core.ApplicationFilterChain.internalDoFilter(ApplicationFilterChain.java:209)
	at org.apache.catalina.core.ApplicationFilterChain.doFilter(ApplicationFilterChain.java:153)
	at org.apache.tomcat.websocket.server.WsFilter.doFilter(WsFilter.java:51)
	at org.apache.catalina.core.ApplicationFilterChain.internalDoFilter(ApplicationFilterChain.java:178)
	at org.apache.catalina.core.ApplicationFilterChain.doFilter(ApplicationFilterChain.java:153)
	at org.springframework.web.filter.RequestContextFilter.doFilterInternal(RequestContextFilter.java:100)
	at org.springframework.web.filter.OncePerRequestFilter.doFilter(OncePerRequestFilter.java:117)
	at org.apache.catalina.core.ApplicationFilterChain.internalDoFilter(ApplicationFilterChain.java:178)
	at org.apache.catalina.core.ApplicationFilterChain.doFilter(ApplicationFilterChain.java:153)
	at org.springframework.web.filter.FormContentFilter.doFilterInternal(FormContentFilter.java:93)
	at org.springframework.web.filter.OncePerRequestFilter.doFilter(OncePerRequestFilter.java:117)
	at org.apache.catalina.core.ApplicationFilterChain.internalDoFilter(ApplicationFilterChain.java:178)
	at org.apache.catalina.core.ApplicationFilterChain.doFilter(ApplicationFilterChain.java:153)
	at org.springframework.web.filter.CharacterEncodingFilter.doFilterInternal(CharacterEncodingFilter.java:201)
	at org.springframework.web.filter.OncePerRequestFilter.doFilter(OncePerRequestFilter.java:117)
	at org.apache.catalina.core.ApplicationFilterChain.internalDoFilter(ApplicationFilterChain.java:178)
	at org.apache.catalina.core.ApplicationFilterChain.doFilter(ApplicationFilterChain.java:153)
	at org.apache.catalina.core.StandardWrapperValve.invoke(StandardWrapperValve.java:167)
	at org.apache.catalina.core.StandardContextValve.invoke(StandardContextValve.java:90)
	at org.apache.catalina.authenticator.AuthenticatorBase.invoke(AuthenticatorBase.java:481)
	at org.apache.catalina.core.StandardHostValve.invoke(StandardHostValve.java:130)
	at org.apache.catalina.valves.ErrorReportValve.invoke(ErrorReportValve.java:93)
	at org.apache.catalina.core.StandardEngineValve.invoke(StandardEngineValve.java:74)
	at org.apache.catalina.connector.CoyoteAdapter.service(CoyoteAdapter.java:343)
	at org.apache.coyote.http11.Http11Processor.service(Http11Processor.java:390)
	at org.apache.coyote.AbstractProcessorLight.process(AbstractProcessorLight.java:63)
	at org.apache.coyote.AbstractProtocol$ConnectionHandler.process(AbstractProtocol.java:926)
	at org.apache.tomcat.util.net.NioEndpoint$SocketProcessor.doRun(NioEndpoint.java:1790)
	at org.apache.tomcat.util.net.SocketProcessorBase.run(SocketProcessorBase.java:52)
	at org.apache.tomcat.util.threads.ThreadPoolExecutor.runWorker(ThreadPoolExecutor.java:1191)
	at org.apache.tomcat.util.threads.ThreadPoolExecutor$Worker.run(ThreadPoolExecutor.java:659)
	at org.apache.tomcat.util.threads.TaskThread$WrappingRunnable.run(TaskThread.java:61)
	at java.lang.Thread.run(Thread.java:748)
2025-08-07 18:51:38.040 [http-nio-8080-exec-3] ERROR o.a.c.c.C.[.[.[.[dispatcherServlet] - Servlet.service() for servlet [dispatcherServlet] in context with path [/idp] threw exception [Request processing failed; nested exception is java.lang.IllegalArgumentException: 缺少必需参数: IDNO] with root cause
java.lang.IllegalArgumentException: 缺少必需参数: IDNO
	at org.springframework.util.Assert.hasText(Assert.java:289)
	at com.egoo.idp.service.impl.CreditTransactionServiceImpl.validateParameters(TransactionServiceImpl.java:67)
	at com.egoo.idp.service.impl.CreditTransactionServiceImpl.processTransaction(TransactionServiceImpl.java:48)
	at com.egoo.idp.controller.transaction.credit.CreditTransactionController.processTransaction(TransactionController.java:44)
	at sun.reflect.NativeMethodAccessorImpl.invoke0(Native Method)
	at sun.reflect.NativeMethodAccessorImpl.invoke(NativeMethodAccessorImpl.java:62)
	at sun.reflect.DelegatingMethodAccessorImpl.invoke(DelegatingMethodAccessorImpl.java:43)
	at java.lang.reflect.Method.invoke(Method.java:498)
	at org.springframework.web.method.support.InvocableHandlerMethod.doInvoke(InvocableHandlerMethod.java:205)
	at org.springframework.web.method.support.InvocableHandlerMethod.invokeForRequest(InvocableHandlerMethod.java:150)
	at org.springframework.web.servlet.mvc.method.annotation.ServletInvocableHandlerMethod.invokeAndHandle(ServletInvocableHandlerMethod.java:117)
	at org.springframework.web.servlet.mvc.method.annotation.RequestMappingHandlerAdapter.invokeHandlerMethod(RequestMappingHandlerAdapter.java:895)
	at org.springframework.web.servlet.mvc.method.annotation.RequestMappingHandlerAdapter.handleInternal(RequestMappingHandlerAdapter.java:808)
	at org.springframework.web.servlet.mvc.method.AbstractHandlerMethodAdapter.handle(AbstractHandlerMethodAdapter.java:87)
	at org.springframework.web.servlet.DispatcherServlet.doDispatch(DispatcherServlet.java:1072)
	at org.springframework.web.servlet.DispatcherServlet.doService(DispatcherServlet.java:965)
	at org.springframework.web.servlet.FrameworkServlet.processRequest(FrameworkServlet.java:1006)
	at org.springframework.web.servlet.FrameworkServlet.doGet(FrameworkServlet.java:898)
	at javax.servlet.http.HttpServlet.service(HttpServlet.java:529)
	at org.springframework.web.servlet.FrameworkServlet.service(FrameworkServlet.java:883)
	at javax.servlet.http.HttpServlet.service(HttpServlet.java:623)
	at org.apache.catalina.core.ApplicationFilterChain.internalDoFilter(ApplicationFilterChain.java:209)
	at org.apache.catalina.core.ApplicationFilterChain.doFilter(ApplicationFilterChain.java:153)
	at org.apache.tomcat.websocket.server.WsFilter.doFilter(WsFilter.java:51)
	at org.apache.catalina.core.ApplicationFilterChain.internalDoFilter(ApplicationFilterChain.java:178)
	at org.apache.catalina.core.ApplicationFilterChain.doFilter(ApplicationFilterChain.java:153)
	at org.springframework.web.filter.RequestContextFilter.doFilterInternal(RequestContextFilter.java:100)
	at org.springframework.web.filter.OncePerRequestFilter.doFilter(OncePerRequestFilter.java:117)
	at org.apache.catalina.core.ApplicationFilterChain.internalDoFilter(ApplicationFilterChain.java:178)
	at org.apache.catalina.core.ApplicationFilterChain.doFilter(ApplicationFilterChain.java:153)
	at org.springframework.web.filter.FormContentFilter.doFilterInternal(FormContentFilter.java:93)
	at org.springframework.web.filter.OncePerRequestFilter.doFilter(OncePerRequestFilter.java:117)
	at org.apache.catalina.core.ApplicationFilterChain.internalDoFilter(ApplicationFilterChain.java:178)
	at org.apache.catalina.core.ApplicationFilterChain.doFilter(ApplicationFilterChain.java:153)
	at org.springframework.web.filter.CharacterEncodingFilter.doFilterInternal(CharacterEncodingFilter.java:201)
	at org.springframework.web.filter.OncePerRequestFilter.doFilter(OncePerRequestFilter.java:117)
	at org.apache.catalina.core.ApplicationFilterChain.internalDoFilter(ApplicationFilterChain.java:178)
	at org.apache.catalina.core.ApplicationFilterChain.doFilter(ApplicationFilterChain.java:153)
	at org.apache.catalina.core.StandardWrapperValve.invoke(StandardWrapperValve.java:167)
	at org.apache.catalina.core.StandardContextValve.invoke(StandardContextValve.java:90)
	at org.apache.catalina.authenticator.AuthenticatorBase.invoke(AuthenticatorBase.java:481)
	at org.apache.catalina.core.StandardHostValve.invoke(StandardHostValve.java:130)
	at org.apache.catalina.valves.ErrorReportValve.invoke(ErrorReportValve.java:93)
	at org.apache.catalina.core.StandardEngineValve.invoke(StandardEngineValve.java:74)
	at org.apache.catalina.connector.CoyoteAdapter.service(CoyoteAdapter.java:343)
	at org.apache.coyote.http11.Http11Processor.service(Http11Processor.java:390)
	at org.apache.coyote.AbstractProcessorLight.process(AbstractProcessorLight.java:63)
	at org.apache.coyote.AbstractProtocol$ConnectionHandler.process(AbstractProtocol.java:926)
	at org.apache.tomcat.util.net.NioEndpoint$SocketProcessor.doRun(NioEndpoint.java:1790)
	at org.apache.tomcat.util.net.SocketProcessorBase.run(SocketProcessorBase.java:52)
	at org.apache.tomcat.util.threads.ThreadPoolExecutor.runWorker(ThreadPoolExecutor.java:1191)
	at org.apache.tomcat.util.threads.ThreadPoolExecutor$Worker.run(ThreadPoolExecutor.java:659)
	at org.apache.tomcat.util.threads.TaskThread$WrappingRunnable.run(TaskThread.java:61)
	at java.lang.Thread.run(Thread.java:748)
2025-08-07 18:51:38.042 [http-nio-8080-exec-3] INFO  com.egoo.idp.config.LogInterceptor - Request URL: http://localhost:8080/idp/error
Request Method: GET
Client IP: 0:0:0:0:0:0:0:1
Request Parameters: {"u_connid":"232","PINBLOCK":"12312312","CARDNO":"1236555","u_ani":"123"}

2025-08-07 18:51:38.044 [http-nio-8080-exec-3] INFO  com.egoo.idp.config.LogInterceptor - Response Status: 500
Request Processing Time: 2ms

2025-08-07 18:52:15.757 [http-nio-8080-exec-5] INFO  com.egoo.idp.config.LogInterceptor - Request URL: http://localhost:8080/idp/if/v1/transaction/PASS_ENC
Request Method: GET
Client IP: 0:0:0:0:0:0:0:1
Request Parameters: {"u_connid":"232","PINBLOCK":"12312312","CARDNO":"1236555","u_ani":"123"}

2025-08-07 18:53:11.045 [http-nio-8080-exec-5] INFO  c.e.i.s.impl.TransactionServiceImpl - 发送请求: URL=, 请求体={"APP_HEAD":{"CHANNELCODE":"C002","MMDATE":"20250807","MMID":"232"},"REQ_BODY":{"PINBLOCK":"12312312","CARDNO":"1236555"},"SYS_HEAD":{"RequestDate":"20250807","DeviceNum":"123","ConsumerSeqNo":"C0020120250807185220232A434379","ConsumerId":"C002","TranTellerNo":"jnuser","RequestTime":"185220","AgentId":"00000","transServiceCode":"PASS_ENC","AgentLevel":"0"}}
2025-08-07 18:53:11.050 [http-nio-8080-exec-5] ERROR c.e.i.s.impl.TransactionServiceImpl - 请求异常:
java.lang.IllegalArgumentException: URI is not absolute
	at java.net.URI.toURL(URI.java:1088)
	at org.springframework.http.client.SimpleClientHttpRequestFactory.createRequest(SimpleClientHttpRequestFactory.java:145)
	at org.springframework.http.client.support.HttpAccessor.createRequest(HttpAccessor.java:124)
	at org.springframework.web.client.RestTemplate.doExecute(RestTemplate.java:778)
	at org.springframework.web.client.RestTemplate.execute(RestTemplate.java:717)
	at org.springframework.web.client.RestTemplate.postForObject(RestTemplate.java:443)
	at com.egoo.idp.service.impl.CreditTransactionServiceImpl.sendRequest(TransactionServiceImpl.java:104)
	at com.egoo.idp.service.impl.CreditTransactionServiceImpl.processTransaction(TransactionServiceImpl.java:54)
	at com.egoo.idp.controller.transaction.credit.CreditTransactionController.processTransaction(TransactionController.java:44)
	at sun.reflect.NativeMethodAccessorImpl.invoke0(Native Method)
	at sun.reflect.NativeMethodAccessorImpl.invoke(NativeMethodAccessorImpl.java:62)
	at sun.reflect.DelegatingMethodAccessorImpl.invoke(DelegatingMethodAccessorImpl.java:43)
	at java.lang.reflect.Method.invoke(Method.java:498)
	at org.springframework.web.method.support.InvocableHandlerMethod.doInvoke(InvocableHandlerMethod.java:205)
	at org.springframework.web.method.support.InvocableHandlerMethod.invokeForRequest(InvocableHandlerMethod.java:150)
	at org.springframework.web.servlet.mvc.method.annotation.ServletInvocableHandlerMethod.invokeAndHandle(ServletInvocableHandlerMethod.java:117)
	at org.springframework.web.servlet.mvc.method.annotation.RequestMappingHandlerAdapter.invokeHandlerMethod(RequestMappingHandlerAdapter.java:895)
	at org.springframework.web.servlet.mvc.method.annotation.RequestMappingHandlerAdapter.handleInternal(RequestMappingHandlerAdapter.java:808)
	at org.springframework.web.servlet.mvc.method.AbstractHandlerMethodAdapter.handle(AbstractHandlerMethodAdapter.java:87)
	at org.springframework.web.servlet.DispatcherServlet.doDispatch(DispatcherServlet.java:1072)
	at org.springframework.web.servlet.DispatcherServlet.doService(DispatcherServlet.java:965)
	at org.springframework.web.servlet.FrameworkServlet.processRequest(FrameworkServlet.java:1006)
	at org.springframework.web.servlet.FrameworkServlet.doGet(FrameworkServlet.java:898)
	at javax.servlet.http.HttpServlet.service(HttpServlet.java:529)
	at org.springframework.web.servlet.FrameworkServlet.service(FrameworkServlet.java:883)
	at javax.servlet.http.HttpServlet.service(HttpServlet.java:623)
	at org.apache.catalina.core.ApplicationFilterChain.internalDoFilter(ApplicationFilterChain.java:209)
	at org.apache.catalina.core.ApplicationFilterChain.doFilter(ApplicationFilterChain.java:153)
	at org.apache.tomcat.websocket.server.WsFilter.doFilter(WsFilter.java:51)
	at org.apache.catalina.core.ApplicationFilterChain.internalDoFilter(ApplicationFilterChain.java:178)
	at org.apache.catalina.core.ApplicationFilterChain.doFilter(ApplicationFilterChain.java:153)
	at org.springframework.web.filter.RequestContextFilter.doFilterInternal(RequestContextFilter.java:100)
	at org.springframework.web.filter.OncePerRequestFilter.doFilter(OncePerRequestFilter.java:117)
	at org.apache.catalina.core.ApplicationFilterChain.internalDoFilter(ApplicationFilterChain.java:178)
	at org.apache.catalina.core.ApplicationFilterChain.doFilter(ApplicationFilterChain.java:153)
	at org.springframework.web.filter.FormContentFilter.doFilterInternal(FormContentFilter.java:93)
	at org.springframework.web.filter.OncePerRequestFilter.doFilter(OncePerRequestFilter.java:117)
	at org.apache.catalina.core.ApplicationFilterChain.internalDoFilter(ApplicationFilterChain.java:178)
	at org.apache.catalina.core.ApplicationFilterChain.doFilter(ApplicationFilterChain.java:153)
	at org.springframework.web.filter.CharacterEncodingFilter.doFilterInternal(CharacterEncodingFilter.java:201)
	at org.springframework.web.filter.OncePerRequestFilter.doFilter(OncePerRequestFilter.java:117)
	at org.apache.catalina.core.ApplicationFilterChain.internalDoFilter(ApplicationFilterChain.java:178)
	at org.apache.catalina.core.ApplicationFilterChain.doFilter(ApplicationFilterChain.java:153)
	at org.apache.catalina.core.StandardWrapperValve.invoke(StandardWrapperValve.java:167)
	at org.apache.catalina.core.StandardContextValve.invoke(StandardContextValve.java:90)
	at org.apache.catalina.authenticator.AuthenticatorBase.invoke(AuthenticatorBase.java:481)
	at org.apache.catalina.core.StandardHostValve.invoke(StandardHostValve.java:130)
	at org.apache.catalina.valves.ErrorReportValve.invoke(ErrorReportValve.java:93)
	at org.apache.catalina.core.StandardEngineValve.invoke(StandardEngineValve.java:74)
	at org.apache.catalina.connector.CoyoteAdapter.service(CoyoteAdapter.java:343)
	at org.apache.coyote.http11.Http11Processor.service(Http11Processor.java:390)
	at org.apache.coyote.AbstractProcessorLight.process(AbstractProcessorLight.java:63)
	at org.apache.coyote.AbstractProtocol$ConnectionHandler.process(AbstractProtocol.java:926)
	at org.apache.tomcat.util.net.NioEndpoint$SocketProcessor.doRun(NioEndpoint.java:1790)
	at org.apache.tomcat.util.net.SocketProcessorBase.run(SocketProcessorBase.java:52)
	at org.apache.tomcat.util.threads.ThreadPoolExecutor.runWorker(ThreadPoolExecutor.java:1191)
	at org.apache.tomcat.util.threads.ThreadPoolExecutor$Worker.run(ThreadPoolExecutor.java:659)
	at org.apache.tomcat.util.threads.TaskThread$WrappingRunnable.run(TaskThread.java:61)
	at java.lang.Thread.run(Thread.java:748)
2025-08-07 18:53:11.051 [http-nio-8080-exec-5] ERROR com.egoo.idp.config.LogInterceptor - Response Status: 200
Request Processing Time: 55294ms
Exception: 服务调用失败

java.lang.RuntimeException: 服务调用失败
	at com.egoo.idp.service.impl.CreditTransactionServiceImpl.sendRequest(TransactionServiceImpl.java:107)
	at com.egoo.idp.service.impl.CreditTransactionServiceImpl.processTransaction(TransactionServiceImpl.java:54)
	at com.egoo.idp.controller.transaction.credit.CreditTransactionController.processTransaction(TransactionController.java:44)
	at sun.reflect.NativeMethodAccessorImpl.invoke0(Native Method)
	at sun.reflect.NativeMethodAccessorImpl.invoke(NativeMethodAccessorImpl.java:62)
	at sun.reflect.DelegatingMethodAccessorImpl.invoke(DelegatingMethodAccessorImpl.java:43)
	at java.lang.reflect.Method.invoke(Method.java:498)
	at org.springframework.web.method.support.InvocableHandlerMethod.doInvoke(InvocableHandlerMethod.java:205)
	at org.springframework.web.method.support.InvocableHandlerMethod.invokeForRequest(InvocableHandlerMethod.java:150)
	at org.springframework.web.servlet.mvc.method.annotation.ServletInvocableHandlerMethod.invokeAndHandle(ServletInvocableHandlerMethod.java:117)
	at org.springframework.web.servlet.mvc.method.annotation.RequestMappingHandlerAdapter.invokeHandlerMethod(RequestMappingHandlerAdapter.java:895)
	at org.springframework.web.servlet.mvc.method.annotation.RequestMappingHandlerAdapter.handleInternal(RequestMappingHandlerAdapter.java:808)
	at org.springframework.web.servlet.mvc.method.AbstractHandlerMethodAdapter.handle(AbstractHandlerMethodAdapter.java:87)
	at org.springframework.web.servlet.DispatcherServlet.doDispatch(DispatcherServlet.java:1072)
	at org.springframework.web.servlet.DispatcherServlet.doService(DispatcherServlet.java:965)
	at org.springframework.web.servlet.FrameworkServlet.processRequest(FrameworkServlet.java:1006)
	at org.springframework.web.servlet.FrameworkServlet.doGet(FrameworkServlet.java:898)
	at javax.servlet.http.HttpServlet.service(HttpServlet.java:529)
	at org.springframework.web.servlet.FrameworkServlet.service(FrameworkServlet.java:883)
	at javax.servlet.http.HttpServlet.service(HttpServlet.java:623)
	at org.apache.catalina.core.ApplicationFilterChain.internalDoFilter(ApplicationFilterChain.java:209)
	at org.apache.catalina.core.ApplicationFilterChain.doFilter(ApplicationFilterChain.java:153)
	at org.apache.tomcat.websocket.server.WsFilter.doFilter(WsFilter.java:51)
	at org.apache.catalina.core.ApplicationFilterChain.internalDoFilter(ApplicationFilterChain.java:178)
	at org.apache.catalina.core.ApplicationFilterChain.doFilter(ApplicationFilterChain.java:153)
	at org.springframework.web.filter.RequestContextFilter.doFilterInternal(RequestContextFilter.java:100)
	at org.springframework.web.filter.OncePerRequestFilter.doFilter(OncePerRequestFilter.java:117)
	at org.apache.catalina.core.ApplicationFilterChain.internalDoFilter(ApplicationFilterChain.java:178)
	at org.apache.catalina.core.ApplicationFilterChain.doFilter(ApplicationFilterChain.java:153)
	at org.springframework.web.filter.FormContentFilter.doFilterInternal(FormContentFilter.java:93)
	at org.springframework.web.filter.OncePerRequestFilter.doFilter(OncePerRequestFilter.java:117)
	at org.apache.catalina.core.ApplicationFilterChain.internalDoFilter(ApplicationFilterChain.java:178)
	at org.apache.catalina.core.ApplicationFilterChain.doFilter(ApplicationFilterChain.java:153)
	at org.springframework.web.filter.CharacterEncodingFilter.doFilterInternal(CharacterEncodingFilter.java:201)
	at org.springframework.web.filter.OncePerRequestFilter.doFilter(OncePerRequestFilter.java:117)
	at org.apache.catalina.core.ApplicationFilterChain.internalDoFilter(ApplicationFilterChain.java:178)
	at org.apache.catalina.core.ApplicationFilterChain.doFilter(ApplicationFilterChain.java:153)
	at org.apache.catalina.core.StandardWrapperValve.invoke(StandardWrapperValve.java:167)
	at org.apache.catalina.core.StandardContextValve.invoke(StandardContextValve.java:90)
	at org.apache.catalina.authenticator.AuthenticatorBase.invoke(AuthenticatorBase.java:481)
	at org.apache.catalina.core.StandardHostValve.invoke(StandardHostValve.java:130)
	at org.apache.catalina.valves.ErrorReportValve.invoke(ErrorReportValve.java:93)
	at org.apache.catalina.core.StandardEngineValve.invoke(StandardEngineValve.java:74)
	at org.apache.catalina.connector.CoyoteAdapter.service(CoyoteAdapter.java:343)
	at org.apache.coyote.http11.Http11Processor.service(Http11Processor.java:390)
	at org.apache.coyote.AbstractProcessorLight.process(AbstractProcessorLight.java:63)
	at org.apache.coyote.AbstractProtocol$ConnectionHandler.process(AbstractProtocol.java:926)
	at org.apache.tomcat.util.net.NioEndpoint$SocketProcessor.doRun(NioEndpoint.java:1790)
	at org.apache.tomcat.util.net.SocketProcessorBase.run(SocketProcessorBase.java:52)
	at org.apache.tomcat.util.threads.ThreadPoolExecutor.runWorker(ThreadPoolExecutor.java:1191)
	at org.apache.tomcat.util.threads.ThreadPoolExecutor$Worker.run(ThreadPoolExecutor.java:659)
	at org.apache.tomcat.util.threads.TaskThread$WrappingRunnable.run(TaskThread.java:61)
	at java.lang.Thread.run(Thread.java:748)
Caused by: java.lang.IllegalArgumentException: URI is not absolute
	at java.net.URI.toURL(URI.java:1088)
	at org.springframework.http.client.SimpleClientHttpRequestFactory.createRequest(SimpleClientHttpRequestFactory.java:145)
	at org.springframework.http.client.support.HttpAccessor.createRequest(HttpAccessor.java:124)
	at org.springframework.web.client.RestTemplate.doExecute(RestTemplate.java:778)
	at org.springframework.web.client.RestTemplate.execute(RestTemplate.java:717)
	at org.springframework.web.client.RestTemplate.postForObject(RestTemplate.java:443)
	at com.egoo.idp.service.impl.CreditTransactionServiceImpl.sendRequest(TransactionServiceImpl.java:104)
	... 52 common frames omitted
2025-08-07 18:53:11.052 [http-nio-8080-exec-5] ERROR o.a.c.c.C.[.[.[.[dispatcherServlet] - Servlet.service() for servlet [dispatcherServlet] in context with path [/idp] threw exception [Request processing failed; nested exception is java.lang.RuntimeException: 服务调用失败] with root cause
java.lang.IllegalArgumentException: URI is not absolute
	at java.net.URI.toURL(URI.java:1088)
	at org.springframework.http.client.SimpleClientHttpRequestFactory.createRequest(SimpleClientHttpRequestFactory.java:145)
	at org.springframework.http.client.support.HttpAccessor.createRequest(HttpAccessor.java:124)
	at org.springframework.web.client.RestTemplate.doExecute(RestTemplate.java:778)
	at org.springframework.web.client.RestTemplate.execute(RestTemplate.java:717)
	at org.springframework.web.client.RestTemplate.postForObject(RestTemplate.java:443)
	at com.egoo.idp.service.impl.CreditTransactionServiceImpl.sendRequest(TransactionServiceImpl.java:104)
	at com.egoo.idp.service.impl.CreditTransactionServiceImpl.processTransaction(TransactionServiceImpl.java:54)
	at com.egoo.idp.controller.transaction.credit.CreditTransactionController.processTransaction(TransactionController.java:44)
	at sun.reflect.NativeMethodAccessorImpl.invoke0(Native Method)
	at sun.reflect.NativeMethodAccessorImpl.invoke(NativeMethodAccessorImpl.java:62)
	at sun.reflect.DelegatingMethodAccessorImpl.invoke(DelegatingMethodAccessorImpl.java:43)
	at java.lang.reflect.Method.invoke(Method.java:498)
	at org.springframework.web.method.support.InvocableHandlerMethod.doInvoke(InvocableHandlerMethod.java:205)
	at org.springframework.web.method.support.InvocableHandlerMethod.invokeForRequest(InvocableHandlerMethod.java:150)
	at org.springframework.web.servlet.mvc.method.annotation.ServletInvocableHandlerMethod.invokeAndHandle(ServletInvocableHandlerMethod.java:117)
	at org.springframework.web.servlet.mvc.method.annotation.RequestMappingHandlerAdapter.invokeHandlerMethod(RequestMappingHandlerAdapter.java:895)
	at org.springframework.web.servlet.mvc.method.annotation.RequestMappingHandlerAdapter.handleInternal(RequestMappingHandlerAdapter.java:808)
	at org.springframework.web.servlet.mvc.method.AbstractHandlerMethodAdapter.handle(AbstractHandlerMethodAdapter.java:87)
	at org.springframework.web.servlet.DispatcherServlet.doDispatch(DispatcherServlet.java:1072)
	at org.springframework.web.servlet.DispatcherServlet.doService(DispatcherServlet.java:965)
	at org.springframework.web.servlet.FrameworkServlet.processRequest(FrameworkServlet.java:1006)
	at org.springframework.web.servlet.FrameworkServlet.doGet(FrameworkServlet.java:898)
	at javax.servlet.http.HttpServlet.service(HttpServlet.java:529)
	at org.springframework.web.servlet.FrameworkServlet.service(FrameworkServlet.java:883)
	at javax.servlet.http.HttpServlet.service(HttpServlet.java:623)
	at org.apache.catalina.core.ApplicationFilterChain.internalDoFilter(ApplicationFilterChain.java:209)
	at org.apache.catalina.core.ApplicationFilterChain.doFilter(ApplicationFilterChain.java:153)
	at org.apache.tomcat.websocket.server.WsFilter.doFilter(WsFilter.java:51)
	at org.apache.catalina.core.ApplicationFilterChain.internalDoFilter(ApplicationFilterChain.java:178)
	at org.apache.catalina.core.ApplicationFilterChain.doFilter(ApplicationFilterChain.java:153)
	at org.springframework.web.filter.RequestContextFilter.doFilterInternal(RequestContextFilter.java:100)
	at org.springframework.web.filter.OncePerRequestFilter.doFilter(OncePerRequestFilter.java:117)
	at org.apache.catalina.core.ApplicationFilterChain.internalDoFilter(ApplicationFilterChain.java:178)
	at org.apache.catalina.core.ApplicationFilterChain.doFilter(ApplicationFilterChain.java:153)
	at org.springframework.web.filter.FormContentFilter.doFilterInternal(FormContentFilter.java:93)
	at org.springframework.web.filter.OncePerRequestFilter.doFilter(OncePerRequestFilter.java:117)
	at org.apache.catalina.core.ApplicationFilterChain.internalDoFilter(ApplicationFilterChain.java:178)
	at org.apache.catalina.core.ApplicationFilterChain.doFilter(ApplicationFilterChain.java:153)
	at org.springframework.web.filter.CharacterEncodingFilter.doFilterInternal(CharacterEncodingFilter.java:201)
	at org.springframework.web.filter.OncePerRequestFilter.doFilter(OncePerRequestFilter.java:117)
	at org.apache.catalina.core.ApplicationFilterChain.internalDoFilter(ApplicationFilterChain.java:178)
	at org.apache.catalina.core.ApplicationFilterChain.doFilter(ApplicationFilterChain.java:153)
	at org.apache.catalina.core.StandardWrapperValve.invoke(StandardWrapperValve.java:167)
	at org.apache.catalina.core.StandardContextValve.invoke(StandardContextValve.java:90)
	at org.apache.catalina.authenticator.AuthenticatorBase.invoke(AuthenticatorBase.java:481)
	at org.apache.catalina.core.StandardHostValve.invoke(StandardHostValve.java:130)
	at org.apache.catalina.valves.ErrorReportValve.invoke(ErrorReportValve.java:93)
	at org.apache.catalina.core.StandardEngineValve.invoke(StandardEngineValve.java:74)
	at org.apache.catalina.connector.CoyoteAdapter.service(CoyoteAdapter.java:343)
	at org.apache.coyote.http11.Http11Processor.service(Http11Processor.java:390)
	at org.apache.coyote.AbstractProcessorLight.process(AbstractProcessorLight.java:63)
	at org.apache.coyote.AbstractProtocol$ConnectionHandler.process(AbstractProtocol.java:926)
	at org.apache.tomcat.util.net.NioEndpoint$SocketProcessor.doRun(NioEndpoint.java:1790)
	at org.apache.tomcat.util.net.SocketProcessorBase.run(SocketProcessorBase.java:52)
	at org.apache.tomcat.util.threads.ThreadPoolExecutor.runWorker(ThreadPoolExecutor.java:1191)
	at org.apache.tomcat.util.threads.ThreadPoolExecutor$Worker.run(ThreadPoolExecutor.java:659)
	at org.apache.tomcat.util.threads.TaskThread$WrappingRunnable.run(TaskThread.java:61)
	at java.lang.Thread.run(Thread.java:748)
2025-08-07 18:53:11.055 [http-nio-8080-exec-5] INFO  com.egoo.idp.config.LogInterceptor - Request URL: http://localhost:8080/idp/error
Request Method: GET
Client IP: 0:0:0:0:0:0:0:1
Request Parameters: {"u_connid":"232","PINBLOCK":"12312312","CARDNO":"1236555","u_ani":"123"}

2025-08-07 18:53:11.056 [http-nio-8080-exec-5] INFO  com.egoo.idp.config.LogInterceptor - Response Status: 500
Request Processing Time: 2ms

2025-08-07 18:53:52.616 [http-nio-8080-exec-8] INFO  com.egoo.idp.config.LogInterceptor - Request URL: http://localhost:8080/idp/if/v1/transaction/PASS_ENC
Request Method: GET
Client IP: 0:0:0:0:0:0:0:1
Request Parameters: {"u_connid":"232","PINBLOCK":"12312312","CARDNO":"1236555","u_ani":"123"}

2025-08-07 18:55:29.608 [http-nio-8080-exec-8] INFO  c.e.i.s.impl.TransactionServiceImpl - 发送请求: URL=, 请求体={"APP_HEAD":{"CHANNELCODE":"C002","MMDATE":"20250807","MMID":"232"},"REQ_BODY":{"PINBLOCK":"12312312","CARDNO":"1236555"},"SYS_HEAD":{"RequestDate":"20250807","DeviceNum":"123","ConsumerSeqNo":"C0020120250807185358232A913537","ConsumerId":"C002","TranTellerNo":"jnuser","RequestTime":"185358","AgentId":"00000","transServiceCode":"PASS_ENC","AgentLevel":"0"}}
2025-08-07 18:55:29.610 [http-nio-8080-exec-8] ERROR c.e.i.s.impl.TransactionServiceImpl - 请求异常:
java.lang.IllegalArgumentException: URI is not absolute
	at java.net.URI.toURL(URI.java:1088)
	at org.springframework.http.client.SimpleClientHttpRequestFactory.createRequest(SimpleClientHttpRequestFactory.java:145)
	at org.springframework.http.client.support.HttpAccessor.createRequest(HttpAccessor.java:124)
	at org.springframework.web.client.RestTemplate.doExecute(RestTemplate.java:778)
	at org.springframework.web.client.RestTemplate.execute(RestTemplate.java:717)
	at org.springframework.web.client.RestTemplate.postForObject(RestTemplate.java:443)
	at com.egoo.idp.service.impl.CreditTransactionServiceImpl.sendRequest(TransactionServiceImpl.java:104)
	at com.egoo.idp.service.impl.CreditTransactionServiceImpl.processTransaction(TransactionServiceImpl.java:54)
	at com.egoo.idp.controller.transaction.credit.CreditTransactionController.processTransaction(TransactionController.java:44)
	at sun.reflect.NativeMethodAccessorImpl.invoke0(Native Method)
	at sun.reflect.NativeMethodAccessorImpl.invoke(NativeMethodAccessorImpl.java:62)
	at sun.reflect.DelegatingMethodAccessorImpl.invoke(DelegatingMethodAccessorImpl.java:43)
	at java.lang.reflect.Method.invoke(Method.java:498)
	at org.springframework.web.method.support.InvocableHandlerMethod.doInvoke(InvocableHandlerMethod.java:205)
	at org.springframework.web.method.support.InvocableHandlerMethod.invokeForRequest(InvocableHandlerMethod.java:150)
	at org.springframework.web.servlet.mvc.method.annotation.ServletInvocableHandlerMethod.invokeAndHandle(ServletInvocableHandlerMethod.java:117)
	at org.springframework.web.servlet.mvc.method.annotation.RequestMappingHandlerAdapter.invokeHandlerMethod(RequestMappingHandlerAdapter.java:895)
	at org.springframework.web.servlet.mvc.method.annotation.RequestMappingHandlerAdapter.handleInternal(RequestMappingHandlerAdapter.java:808)
	at org.springframework.web.servlet.mvc.method.AbstractHandlerMethodAdapter.handle(AbstractHandlerMethodAdapter.java:87)
	at org.springframework.web.servlet.DispatcherServlet.doDispatch(DispatcherServlet.java:1072)
	at org.springframework.web.servlet.DispatcherServlet.doService(DispatcherServlet.java:965)
	at org.springframework.web.servlet.FrameworkServlet.processRequest(FrameworkServlet.java:1006)
	at org.springframework.web.servlet.FrameworkServlet.doGet(FrameworkServlet.java:898)
	at javax.servlet.http.HttpServlet.service(HttpServlet.java:529)
	at org.springframework.web.servlet.FrameworkServlet.service(FrameworkServlet.java:883)
	at javax.servlet.http.HttpServlet.service(HttpServlet.java:623)
	at org.apache.catalina.core.ApplicationFilterChain.internalDoFilter(ApplicationFilterChain.java:209)
	at org.apache.catalina.core.ApplicationFilterChain.doFilter(ApplicationFilterChain.java:153)
	at org.apache.tomcat.websocket.server.WsFilter.doFilter(WsFilter.java:51)
	at org.apache.catalina.core.ApplicationFilterChain.internalDoFilter(ApplicationFilterChain.java:178)
	at org.apache.catalina.core.ApplicationFilterChain.doFilter(ApplicationFilterChain.java:153)
	at org.springframework.web.filter.RequestContextFilter.doFilterInternal(RequestContextFilter.java:100)
	at org.springframework.web.filter.OncePerRequestFilter.doFilter(OncePerRequestFilter.java:117)
	at org.apache.catalina.core.ApplicationFilterChain.internalDoFilter(ApplicationFilterChain.java:178)
	at org.apache.catalina.core.ApplicationFilterChain.doFilter(ApplicationFilterChain.java:153)
	at org.springframework.web.filter.FormContentFilter.doFilterInternal(FormContentFilter.java:93)
	at org.springframework.web.filter.OncePerRequestFilter.doFilter(OncePerRequestFilter.java:117)
	at org.apache.catalina.core.ApplicationFilterChain.internalDoFilter(ApplicationFilterChain.java:178)
	at org.apache.catalina.core.ApplicationFilterChain.doFilter(ApplicationFilterChain.java:153)
	at org.springframework.web.filter.CharacterEncodingFilter.doFilterInternal(CharacterEncodingFilter.java:201)
	at org.springframework.web.filter.OncePerRequestFilter.doFilter(OncePerRequestFilter.java:117)
	at org.apache.catalina.core.ApplicationFilterChain.internalDoFilter(ApplicationFilterChain.java:178)
	at org.apache.catalina.core.ApplicationFilterChain.doFilter(ApplicationFilterChain.java:153)
	at org.apache.catalina.core.StandardWrapperValve.invoke(StandardWrapperValve.java:167)
	at org.apache.catalina.core.StandardContextValve.invoke(StandardContextValve.java:90)
	at org.apache.catalina.authenticator.AuthenticatorBase.invoke(AuthenticatorBase.java:481)
	at org.apache.catalina.core.StandardHostValve.invoke(StandardHostValve.java:130)
	at org.apache.catalina.valves.ErrorReportValve.invoke(ErrorReportValve.java:93)
	at org.apache.catalina.core.StandardEngineValve.invoke(StandardEngineValve.java:74)
	at org.apache.catalina.connector.CoyoteAdapter.service(CoyoteAdapter.java:343)
	at org.apache.coyote.http11.Http11Processor.service(Http11Processor.java:390)
	at org.apache.coyote.AbstractProcessorLight.process(AbstractProcessorLight.java:63)
	at org.apache.coyote.AbstractProtocol$ConnectionHandler.process(AbstractProtocol.java:926)
	at org.apache.tomcat.util.net.NioEndpoint$SocketProcessor.doRun(NioEndpoint.java:1790)
	at org.apache.tomcat.util.net.SocketProcessorBase.run(SocketProcessorBase.java:52)
	at org.apache.tomcat.util.threads.ThreadPoolExecutor.runWorker(ThreadPoolExecutor.java:1191)
	at org.apache.tomcat.util.threads.ThreadPoolExecutor$Worker.run(ThreadPoolExecutor.java:659)
	at org.apache.tomcat.util.threads.TaskThread$WrappingRunnable.run(TaskThread.java:61)
	at java.lang.Thread.run(Thread.java:748)
2025-08-07 18:55:29.610 [http-nio-8080-exec-8] ERROR com.egoo.idp.config.LogInterceptor - Response Status: 200
Request Processing Time: 96995ms
Exception: 服务调用失败

java.lang.RuntimeException: 服务调用失败
	at com.egoo.idp.service.impl.CreditTransactionServiceImpl.sendRequest(TransactionServiceImpl.java:107)
	at com.egoo.idp.service.impl.CreditTransactionServiceImpl.processTransaction(TransactionServiceImpl.java:54)
	at com.egoo.idp.controller.transaction.credit.CreditTransactionController.processTransaction(TransactionController.java:44)
	at sun.reflect.NativeMethodAccessorImpl.invoke0(Native Method)
	at sun.reflect.NativeMethodAccessorImpl.invoke(NativeMethodAccessorImpl.java:62)
	at sun.reflect.DelegatingMethodAccessorImpl.invoke(DelegatingMethodAccessorImpl.java:43)
	at java.lang.reflect.Method.invoke(Method.java:498)
	at org.springframework.web.method.support.InvocableHandlerMethod.doInvoke(InvocableHandlerMethod.java:205)
	at org.springframework.web.method.support.InvocableHandlerMethod.invokeForRequest(InvocableHandlerMethod.java:150)
	at org.springframework.web.servlet.mvc.method.annotation.ServletInvocableHandlerMethod.invokeAndHandle(ServletInvocableHandlerMethod.java:117)
	at org.springframework.web.servlet.mvc.method.annotation.RequestMappingHandlerAdapter.invokeHandlerMethod(RequestMappingHandlerAdapter.java:895)
	at org.springframework.web.servlet.mvc.method.annotation.RequestMappingHandlerAdapter.handleInternal(RequestMappingHandlerAdapter.java:808)
	at org.springframework.web.servlet.mvc.method.AbstractHandlerMethodAdapter.handle(AbstractHandlerMethodAdapter.java:87)
	at org.springframework.web.servlet.DispatcherServlet.doDispatch(DispatcherServlet.java:1072)
	at org.springframework.web.servlet.DispatcherServlet.doService(DispatcherServlet.java:965)
	at org.springframework.web.servlet.FrameworkServlet.processRequest(FrameworkServlet.java:1006)
	at org.springframework.web.servlet.FrameworkServlet.doGet(FrameworkServlet.java:898)
	at javax.servlet.http.HttpServlet.service(HttpServlet.java:529)
	at org.springframework.web.servlet.FrameworkServlet.service(FrameworkServlet.java:883)
	at javax.servlet.http.HttpServlet.service(HttpServlet.java:623)
	at org.apache.catalina.core.ApplicationFilterChain.internalDoFilter(ApplicationFilterChain.java:209)
	at org.apache.catalina.core.ApplicationFilterChain.doFilter(ApplicationFilterChain.java:153)
	at org.apache.tomcat.websocket.server.WsFilter.doFilter(WsFilter.java:51)
	at org.apache.catalina.core.ApplicationFilterChain.internalDoFilter(ApplicationFilterChain.java:178)
	at org.apache.catalina.core.ApplicationFilterChain.doFilter(ApplicationFilterChain.java:153)
	at org.springframework.web.filter.RequestContextFilter.doFilterInternal(RequestContextFilter.java:100)
	at org.springframework.web.filter.OncePerRequestFilter.doFilter(OncePerRequestFilter.java:117)
	at org.apache.catalina.core.ApplicationFilterChain.internalDoFilter(ApplicationFilterChain.java:178)
	at org.apache.catalina.core.ApplicationFilterChain.doFilter(ApplicationFilterChain.java:153)
	at org.springframework.web.filter.FormContentFilter.doFilterInternal(FormContentFilter.java:93)
	at org.springframework.web.filter.OncePerRequestFilter.doFilter(OncePerRequestFilter.java:117)
	at org.apache.catalina.core.ApplicationFilterChain.internalDoFilter(ApplicationFilterChain.java:178)
	at org.apache.catalina.core.ApplicationFilterChain.doFilter(ApplicationFilterChain.java:153)
	at org.springframework.web.filter.CharacterEncodingFilter.doFilterInternal(CharacterEncodingFilter.java:201)
	at org.springframework.web.filter.OncePerRequestFilter.doFilter(OncePerRequestFilter.java:117)
	at org.apache.catalina.core.ApplicationFilterChain.internalDoFilter(ApplicationFilterChain.java:178)
	at org.apache.catalina.core.ApplicationFilterChain.doFilter(ApplicationFilterChain.java:153)
	at org.apache.catalina.core.StandardWrapperValve.invoke(StandardWrapperValve.java:167)
	at org.apache.catalina.core.StandardContextValve.invoke(StandardContextValve.java:90)
	at org.apache.catalina.authenticator.AuthenticatorBase.invoke(AuthenticatorBase.java:481)
	at org.apache.catalina.core.StandardHostValve.invoke(StandardHostValve.java:130)
	at org.apache.catalina.valves.ErrorReportValve.invoke(ErrorReportValve.java:93)
	at org.apache.catalina.core.StandardEngineValve.invoke(StandardEngineValve.java:74)
	at org.apache.catalina.connector.CoyoteAdapter.service(CoyoteAdapter.java:343)
	at org.apache.coyote.http11.Http11Processor.service(Http11Processor.java:390)
	at org.apache.coyote.AbstractProcessorLight.process(AbstractProcessorLight.java:63)
	at org.apache.coyote.AbstractProtocol$ConnectionHandler.process(AbstractProtocol.java:926)
	at org.apache.tomcat.util.net.NioEndpoint$SocketProcessor.doRun(NioEndpoint.java:1790)
	at org.apache.tomcat.util.net.SocketProcessorBase.run(SocketProcessorBase.java:52)
	at org.apache.tomcat.util.threads.ThreadPoolExecutor.runWorker(ThreadPoolExecutor.java:1191)
	at org.apache.tomcat.util.threads.ThreadPoolExecutor$Worker.run(ThreadPoolExecutor.java:659)
	at org.apache.tomcat.util.threads.TaskThread$WrappingRunnable.run(TaskThread.java:61)
	at java.lang.Thread.run(Thread.java:748)
Caused by: java.lang.IllegalArgumentException: URI is not absolute
	at java.net.URI.toURL(URI.java:1088)
	at org.springframework.http.client.SimpleClientHttpRequestFactory.createRequest(SimpleClientHttpRequestFactory.java:145)
	at org.springframework.http.client.support.HttpAccessor.createRequest(HttpAccessor.java:124)
	at org.springframework.web.client.RestTemplate.doExecute(RestTemplate.java:778)
	at org.springframework.web.client.RestTemplate.execute(RestTemplate.java:717)
	at org.springframework.web.client.RestTemplate.postForObject(RestTemplate.java:443)
	at com.egoo.idp.service.impl.CreditTransactionServiceImpl.sendRequest(TransactionServiceImpl.java:104)
	... 52 common frames omitted
2025-08-07 18:55:29.611 [http-nio-8080-exec-8] ERROR o.a.c.c.C.[.[.[.[dispatcherServlet] - Servlet.service() for servlet [dispatcherServlet] in context with path [/idp] threw exception [Request processing failed; nested exception is java.lang.RuntimeException: 服务调用失败] with root cause
java.lang.IllegalArgumentException: URI is not absolute
	at java.net.URI.toURL(URI.java:1088)
	at org.springframework.http.client.SimpleClientHttpRequestFactory.createRequest(SimpleClientHttpRequestFactory.java:145)
	at org.springframework.http.client.support.HttpAccessor.createRequest(HttpAccessor.java:124)
	at org.springframework.web.client.RestTemplate.doExecute(RestTemplate.java:778)
	at org.springframework.web.client.RestTemplate.execute(RestTemplate.java:717)
	at org.springframework.web.client.RestTemplate.postForObject(RestTemplate.java:443)
	at com.egoo.idp.service.impl.CreditTransactionServiceImpl.sendRequest(TransactionServiceImpl.java:104)
	at com.egoo.idp.service.impl.CreditTransactionServiceImpl.processTransaction(TransactionServiceImpl.java:54)
	at com.egoo.idp.controller.transaction.credit.CreditTransactionController.processTransaction(TransactionController.java:44)
	at sun.reflect.NativeMethodAccessorImpl.invoke0(Native Method)
	at sun.reflect.NativeMethodAccessorImpl.invoke(NativeMethodAccessorImpl.java:62)
	at sun.reflect.DelegatingMethodAccessorImpl.invoke(DelegatingMethodAccessorImpl.java:43)
	at java.lang.reflect.Method.invoke(Method.java:498)
	at org.springframework.web.method.support.InvocableHandlerMethod.doInvoke(InvocableHandlerMethod.java:205)
	at org.springframework.web.method.support.InvocableHandlerMethod.invokeForRequest(InvocableHandlerMethod.java:150)
	at org.springframework.web.servlet.mvc.method.annotation.ServletInvocableHandlerMethod.invokeAndHandle(ServletInvocableHandlerMethod.java:117)
	at org.springframework.web.servlet.mvc.method.annotation.RequestMappingHandlerAdapter.invokeHandlerMethod(RequestMappingHandlerAdapter.java:895)
	at org.springframework.web.servlet.mvc.method.annotation.RequestMappingHandlerAdapter.handleInternal(RequestMappingHandlerAdapter.java:808)
	at org.springframework.web.servlet.mvc.method.AbstractHandlerMethodAdapter.handle(AbstractHandlerMethodAdapter.java:87)
	at org.springframework.web.servlet.DispatcherServlet.doDispatch(DispatcherServlet.java:1072)
	at org.springframework.web.servlet.DispatcherServlet.doService(DispatcherServlet.java:965)
	at org.springframework.web.servlet.FrameworkServlet.processRequest(FrameworkServlet.java:1006)
	at org.springframework.web.servlet.FrameworkServlet.doGet(FrameworkServlet.java:898)
	at javax.servlet.http.HttpServlet.service(HttpServlet.java:529)
	at org.springframework.web.servlet.FrameworkServlet.service(FrameworkServlet.java:883)
	at javax.servlet.http.HttpServlet.service(HttpServlet.java:623)
	at org.apache.catalina.core.ApplicationFilterChain.internalDoFilter(ApplicationFilterChain.java:209)
	at org.apache.catalina.core.ApplicationFilterChain.doFilter(ApplicationFilterChain.java:153)
	at org.apache.tomcat.websocket.server.WsFilter.doFilter(WsFilter.java:51)
	at org.apache.catalina.core.ApplicationFilterChain.internalDoFilter(ApplicationFilterChain.java:178)
	at org.apache.catalina.core.ApplicationFilterChain.doFilter(ApplicationFilterChain.java:153)
	at org.springframework.web.filter.RequestContextFilter.doFilterInternal(RequestContextFilter.java:100)
	at org.springframework.web.filter.OncePerRequestFilter.doFilter(OncePerRequestFilter.java:117)
	at org.apache.catalina.core.ApplicationFilterChain.internalDoFilter(ApplicationFilterChain.java:178)
	at org.apache.catalina.core.ApplicationFilterChain.doFilter(ApplicationFilterChain.java:153)
	at org.springframework.web.filter.FormContentFilter.doFilterInternal(FormContentFilter.java:93)
	at org.springframework.web.filter.OncePerRequestFilter.doFilter(OncePerRequestFilter.java:117)
	at org.apache.catalina.core.ApplicationFilterChain.internalDoFilter(ApplicationFilterChain.java:178)
	at org.apache.catalina.core.ApplicationFilterChain.doFilter(ApplicationFilterChain.java:153)
	at org.springframework.web.filter.CharacterEncodingFilter.doFilterInternal(CharacterEncodingFilter.java:201)
	at org.springframework.web.filter.OncePerRequestFilter.doFilter(OncePerRequestFilter.java:117)
	at org.apache.catalina.core.ApplicationFilterChain.internalDoFilter(ApplicationFilterChain.java:178)
	at org.apache.catalina.core.ApplicationFilterChain.doFilter(ApplicationFilterChain.java:153)
	at org.apache.catalina.core.StandardWrapperValve.invoke(StandardWrapperValve.java:167)
	at org.apache.catalina.core.StandardContextValve.invoke(StandardContextValve.java:90)
	at org.apache.catalina.authenticator.AuthenticatorBase.invoke(AuthenticatorBase.java:481)
	at org.apache.catalina.core.StandardHostValve.invoke(StandardHostValve.java:130)
	at org.apache.catalina.valves.ErrorReportValve.invoke(ErrorReportValve.java:93)
	at org.apache.catalina.core.StandardEngineValve.invoke(StandardEngineValve.java:74)
	at org.apache.catalina.connector.CoyoteAdapter.service(CoyoteAdapter.java:343)
	at org.apache.coyote.http11.Http11Processor.service(Http11Processor.java:390)
	at org.apache.coyote.AbstractProcessorLight.process(AbstractProcessorLight.java:63)
	at org.apache.coyote.AbstractProtocol$ConnectionHandler.process(AbstractProtocol.java:926)
	at org.apache.tomcat.util.net.NioEndpoint$SocketProcessor.doRun(NioEndpoint.java:1790)
	at org.apache.tomcat.util.net.SocketProcessorBase.run(SocketProcessorBase.java:52)
	at org.apache.tomcat.util.threads.ThreadPoolExecutor.runWorker(ThreadPoolExecutor.java:1191)
	at org.apache.tomcat.util.threads.ThreadPoolExecutor$Worker.run(ThreadPoolExecutor.java:659)
	at org.apache.tomcat.util.threads.TaskThread$WrappingRunnable.run(TaskThread.java:61)
	at java.lang.Thread.run(Thread.java:748)
2025-08-07 18:55:29.612 [http-nio-8080-exec-8] INFO  com.egoo.idp.config.LogInterceptor - Request URL: http://localhost:8080/idp/error
Request Method: GET
Client IP: 0:0:0:0:0:0:0:1
Request Parameters: {"u_connid":"232","PINBLOCK":"12312312","CARDNO":"1236555","u_ani":"123"}

2025-08-07 18:55:29.613 [http-nio-8080-exec-8] INFO  com.egoo.idp.config.LogInterceptor - Response Status: 500
Request Processing Time: 1ms

